[Sun Aug 13 08:31:57 2023] Linux version 5.4.0-156-generic (buildd@lcy02-amd64-078) (gcc version 9.4.0 (Ubuntu 9.4.0-1ubuntu1~20.04.1)) #173-Ubuntu SMP Tue Jul 11 07:25:22 UTC 2023 (Ubuntu 5.4.0-156.173-generic 5.4.241)
[Sun Aug 13 08:31:57 2023] Command line: BOOT_IMAGE=/boot/vmlinuz-5.4.0-156-generic root=UUID=22872c45-aa34-4124-aad3-00f1ce255be2 ro maybe-ubiquity
[Sun Aug 13 08:31:57 2023] KERNEL supported cpus:
[Sun Aug 13 08:31:57 2023]   Intel GenuineIntel
[Sun Aug 13 08:31:57 2023]   AMD AuthenticAMD
[Sun Aug 13 08:31:57 2023]   Hygon HygonGenuine
[Sun Aug 13 08:31:57 2023]   Centaur CentaurHauls
[Sun Aug 13 08:31:57 2023]   zhaoxin   Shanghai  
[Sun Aug 13 08:31:57 2023] x86/fpu: Supporting XSAVE feature 0x001: 'x87 floating point registers'
[Sun Aug 13 08:31:57 2023] x86/fpu: Supporting XSAVE feature 0x002: 'SSE registers'
[Sun Aug 13 08:31:57 2023] x86/fpu: Supporting XSAVE feature 0x004: 'AVX registers'
[Sun Aug 13 08:31:57 2023] x86/fpu: xstate_offset[2]:  576, xstate_sizes[2]:  256
[Sun Aug 13 08:31:57 2023] x86/fpu: Enabled xstate features 0x7, context size is 832 bytes, using 'compacted' format.
[Sun Aug 13 08:31:57 2023] BIOS-provided physical RAM map:
[Sun Aug 13 08:31:57 2023] BIOS-e820: [mem 0x0000000000000000-0x000000000009f3ff] usable
[Sun Aug 13 08:31:57 2023] BIOS-e820: [mem 0x000000000009f400-0x000000000009ffff] reserved
[Sun Aug 13 08:31:57 2023] BIOS-e820: [mem 0x00000000000dc000-0x00000000000fffff] reserved
[Sun Aug 13 08:31:57 2023] BIOS-e820: [mem 0x0000000000100000-0x000000007fedffff] usable
[Sun Aug 13 08:31:57 2023] BIOS-e820: [mem 0x000000007fee0000-0x000000007fefefff] ACPI data
[Sun Aug 13 08:31:57 2023] BIOS-e820: [mem 0x000000007feff000-0x000000007fefffff] ACPI NVS
[Sun Aug 13 08:31:57 2023] BIOS-e820: [mem 0x000000007ff00000-0x000000007fffffff] usable
[Sun Aug 13 08:31:57 2023] BIOS-e820: [mem 0x00000000f0000000-0x00000000f7ffffff] reserved
[Sun Aug 13 08:31:57 2023] BIOS-e820: [mem 0x00000000fec00000-0x00000000fec0ffff] reserved
[Sun Aug 13 08:31:57 2023] BIOS-e820: [mem 0x00000000fee00000-0x00000000fee00fff] reserved
[Sun Aug 13 08:31:57 2023] BIOS-e820: [mem 0x00000000fffe0000-0x00000000ffffffff] reserved
[Sun Aug 13 08:31:57 2023] NX (Execute Disable) protection: active
[Sun Aug 13 08:31:57 2023] SMBIOS 2.7 present.
[Sun Aug 13 08:31:57 2023] DMI: VMware, Inc. VMware Virtual Platform/440BX Desktop Reference Platform, BIOS 6.00 12/12/2018
[Sun Aug 13 08:31:57 2023] vmware: hypercall mode: 0x00
[Sun Aug 13 08:31:57 2023] Hypervisor detected: VMware
[Sun Aug 13 08:31:57 2023] vmware: TSC freq read from hypervisor : 2800.000 MHz
[Sun Aug 13 08:31:57 2023] vmware: Host bus clock speed read from hypervisor : 66000000 Hz
[Sun Aug 13 08:31:57 2023] vmware: using sched offset of 6531973698 ns
[Sun Aug 13 08:31:57 2023] tsc: Detected 2800.000 MHz processor
[Sun Aug 13 08:31:57 2023] e820: update [mem 0x00000000-0x00000fff] usable ==> reserved
[Sun Aug 13 08:31:57 2023] e820: remove [mem 0x000a0000-0x000fffff] usable
[Sun Aug 13 08:31:57 2023] last_pfn = 0x80000 max_arch_pfn = 0x400000000
[Sun Aug 13 08:31:57 2023] MTRR default type: uncachable
[Sun Aug 13 08:31:57 2023] MTRR fixed ranges enabled:
[Sun Aug 13 08:31:57 2023]   00000-9FFFF write-back
[Sun Aug 13 08:31:57 2023]   A0000-BFFFF uncachable
[Sun Aug 13 08:31:57 2023]   C0000-CFFFF write-protect
[Sun Aug 13 08:31:57 2023]   D0000-EFFFF uncachable
[Sun Aug 13 08:31:57 2023]   F0000-FFFFF write-protect
[Sun Aug 13 08:31:57 2023] MTRR variable ranges enabled:
[Sun Aug 13 08:31:57 2023]   0 base 00000000000 mask 7FF80000000 write-back
[Sun Aug 13 08:31:57 2023]   1 base 00080000000 mask 7FF80000000 uncachable
[Sun Aug 13 08:31:57 2023]   2 disabled
[Sun Aug 13 08:31:57 2023]   3 disabled
[Sun Aug 13 08:31:57 2023]   4 disabled
[Sun Aug 13 08:31:57 2023]   5 disabled
[Sun Aug 13 08:31:57 2023]   6 disabled
[Sun Aug 13 08:31:57 2023]   7 disabled
[Sun Aug 13 08:31:57 2023] x86/PAT: Configuration [0-7]: WB  WC  UC- UC  WB  WP  UC- WT  
[Sun Aug 13 08:31:57 2023] total RAM covered: 2048M
[Sun Aug 13 08:31:57 2023] Found optimal setting for mtrr clean up
[Sun Aug 13 08:31:57 2023]  gran_size: 64K 	chunk_size: 64K 	num_reg: 1  	lose cover RAM: 0G
[Sun Aug 13 08:31:57 2023] found SMP MP-table at [mem 0x000f6a80-0x000f6a8f]
[Sun Aug 13 08:31:57 2023] check: Scanning 1 areas for low memory corruption
[Sun Aug 13 08:31:57 2023] Using GB pages for direct mapping
[Sun Aug 13 08:31:57 2023] RAMDISK: [mem 0x2da97000-0x32d42fff]
[Sun Aug 13 08:31:57 2023] ACPI: Early table checksum verification disabled
[Sun Aug 13 08:31:57 2023] ACPI: RSDP 0x00000000000F6A10 000024 (v02 PTLTD )
[Sun Aug 13 08:31:57 2023] ACPI: XSDT 0x000000007FEEFB33 00005C (v01 INTEL  440BX    06040000 VMW  01324272)
[Sun Aug 13 08:31:57 2023] ACPI: FACP 0x000000007FEFEE73 0000F4 (v04 INTEL  440BX    06040000 PTL  000F4240)
[Sun Aug 13 08:31:57 2023] ACPI: DSDT 0x000000007FEEFD91 00F0E2 (v01 PTLTD  Custom   06040000 MSFT 03000001)
[Sun Aug 13 08:31:57 2023] ACPI: FACS 0x000000007FEFFFC0 000040
[Sun Aug 13 08:31:57 2023] ACPI: FACS 0x000000007FEFFFC0 000040
[Sun Aug 13 08:31:57 2023] ACPI: BOOT 0x000000007FEEFD69 000028 (v01 PTLTD  $SBFTBL$ 06040000  LTP 00000001)
[Sun Aug 13 08:31:57 2023] ACPI: APIC 0x000000007FEEFD0B 00005E (v01 PTLTD  ? APIC   06040000  LTP 00000000)
[Sun Aug 13 08:31:57 2023] ACPI: MCFG 0x000000007FEEFCCF 00003C (v01 PTLTD  $PCITBL$ 06040000  LTP 00000001)
[Sun Aug 13 08:31:57 2023] ACPI: SRAT 0x000000007FEEFC2F 0000A0 (v02 VMWARE MEMPLUG  06040000 VMW  00000001)
[Sun Aug 13 08:31:57 2023] ACPI: HPET 0x000000007FEEFBF7 000038 (v01 VMWARE VMW HPET 06040000 VMW  00000001)
[Sun Aug 13 08:31:57 2023] ACPI: WAET 0x000000007FEEFBCF 000028 (v01 VMWARE VMW WAET 06040000 VMW  00000001)
[Sun Aug 13 08:31:57 2023] ACPI: Reserving FACP table memory at [mem 0x7fefee73-0x7fefef66]
[Sun Aug 13 08:31:57 2023] ACPI: Reserving DSDT table memory at [mem 0x7feefd91-0x7fefee72]
[Sun Aug 13 08:31:57 2023] ACPI: Reserving FACS table memory at [mem 0x7fefffc0-0x7fefffff]
[Sun Aug 13 08:31:57 2023] ACPI: Reserving FACS table memory at [mem 0x7fefffc0-0x7fefffff]
[Sun Aug 13 08:31:57 2023] ACPI: Reserving BOOT table memory at [mem 0x7feefd69-0x7feefd90]
[Sun Aug 13 08:31:57 2023] ACPI: Reserving APIC table memory at [mem 0x7feefd0b-0x7feefd68]
[Sun Aug 13 08:31:57 2023] ACPI: Reserving MCFG table memory at [mem 0x7feefccf-0x7feefd0a]
[Sun Aug 13 08:31:57 2023] ACPI: Reserving SRAT table memory at [mem 0x7feefc2f-0x7feefcce]
[Sun Aug 13 08:31:57 2023] ACPI: Reserving HPET table memory at [mem 0x7feefbf7-0x7feefc2e]
[Sun Aug 13 08:31:57 2023] ACPI: Reserving WAET table memory at [mem 0x7feefbcf-0x7feefbf6]
[Sun Aug 13 08:31:57 2023] ACPI: Local APIC address 0xfee00000
[Sun Aug 13 08:31:57 2023] SRAT: PXM 0 -> APIC 0x00 -> Node 0
[Sun Aug 13 08:31:57 2023] SRAT: PXM 0 -> APIC 0x02 -> Node 0
[Sun Aug 13 08:31:57 2023] ACPI: SRAT: Node 0 PXM 0 [mem 0x00000000-0x0009ffff]
[Sun Aug 13 08:31:57 2023] ACPI: SRAT: Node 0 PXM 0 [mem 0x00100000-0x7fffffff]
[Sun Aug 13 08:31:57 2023] NUMA: Node 0 [mem 0x00000000-0x0009ffff] + [mem 0x00100000-0x7fffffff] -> [mem 0x00000000-0x7fffffff]
[Sun Aug 13 08:31:57 2023] NODE_DATA(0) allocated [mem 0x7ffd5000-0x7fffffff]
[Sun Aug 13 08:31:57 2023] Zone ranges:
[Sun Aug 13 08:31:57 2023]   DMA      [mem 0x0000000000001000-0x0000000000ffffff]
[Sun Aug 13 08:31:57 2023]   DMA32    [mem 0x0000000001000000-0x000000007fffffff]
[Sun Aug 13 08:31:57 2023]   Normal   empty
[Sun Aug 13 08:31:57 2023]   Device   empty
[Sun Aug 13 08:31:57 2023] Movable zone start for each node
[Sun Aug 13 08:31:57 2023] Early memory node ranges
[Sun Aug 13 08:31:57 2023]   node   0: [mem 0x0000000000001000-0x000000000009efff]
[Sun Aug 13 08:31:57 2023]   node   0: [mem 0x0000000000100000-0x000000007fedffff]
[Sun Aug 13 08:31:57 2023]   node   0: [mem 0x000000007ff00000-0x000000007fffffff]
[Sun Aug 13 08:31:57 2023] Zeroed struct page in unavailable ranges: 130 pages
[Sun Aug 13 08:31:57 2023] Initmem setup node 0 [mem 0x0000000000001000-0x000000007fffffff]
[Sun Aug 13 08:31:57 2023] On node 0 totalpages: 524158
[Sun Aug 13 08:31:57 2023]   DMA zone: 64 pages used for memmap
[Sun Aug 13 08:31:57 2023]   DMA zone: 21 pages reserved
[Sun Aug 13 08:31:57 2023]   DMA zone: 3998 pages, LIFO batch:0
[Sun Aug 13 08:31:57 2023]   DMA32 zone: 8128 pages used for memmap
[Sun Aug 13 08:31:57 2023]   DMA32 zone: 520160 pages, LIFO batch:63
[Sun Aug 13 08:31:57 2023] ACPI: PM-Timer IO Port: 0x1008
[Sun Aug 13 08:31:57 2023] ACPI: Local APIC address 0xfee00000
[Sun Aug 13 08:31:57 2023] ACPI: LAPIC_NMI (acpi_id[0x00] high edge lint[0x1])
[Sun Aug 13 08:31:57 2023] ACPI: LAPIC_NMI (acpi_id[0x01] high edge lint[0x1])
[Sun Aug 13 08:31:57 2023] IOAPIC[0]: apic_id 1, version 32, address 0xfec00000, GSI 0-23
[Sun Aug 13 08:31:57 2023] ACPI: INT_SRC_OVR (bus 0 bus_irq 0 global_irq 2 high edge)
[Sun Aug 13 08:31:57 2023] ACPI: IRQ0 used by override.
[Sun Aug 13 08:31:57 2023] ACPI: IRQ9 used by override.
[Sun Aug 13 08:31:57 2023] Using ACPI (MADT) for SMP configuration information
[Sun Aug 13 08:31:57 2023] ACPI: HPET id: 0x8086af01 base: 0xfed00000
[Sun Aug 13 08:31:57 2023] smpboot: Allowing 2 CPUs, 0 hotplug CPUs
[Sun Aug 13 08:31:57 2023] PM: Registered nosave memory: [mem 0x00000000-0x00000fff]
[Sun Aug 13 08:31:57 2023] PM: Registered nosave memory: [mem 0x0009f000-0x0009ffff]
[Sun Aug 13 08:31:57 2023] PM: Registered nosave memory: [mem 0x000a0000-0x000dbfff]
[Sun Aug 13 08:31:57 2023] PM: Registered nosave memory: [mem 0x000dc000-0x000fffff]
[Sun Aug 13 08:31:57 2023] PM: Registered nosave memory: [mem 0x7fee0000-0x7fefefff]
[Sun Aug 13 08:31:57 2023] PM: Registered nosave memory: [mem 0x7feff000-0x7fefffff]
[Sun Aug 13 08:31:57 2023] [mem 0x80000000-0xefffffff] available for PCI devices
[Sun Aug 13 08:31:57 2023] Booting paravirtualized kernel on VMware hypervisor
[Sun Aug 13 08:31:57 2023] clocksource: refined-jiffies: mask: 0xffffffff max_cycles: 0xffffffff, max_idle_ns: 7645519600211568 ns
[Sun Aug 13 08:31:57 2023] setup_percpu: NR_CPUS:8192 nr_cpumask_bits:2 nr_cpu_ids:2 nr_node_ids:1
[Sun Aug 13 08:31:57 2023] percpu: Embedded 60 pages/cpu s208896 r8192 d28672 u1048576
[Sun Aug 13 08:31:57 2023] pcpu-alloc: s208896 r8192 d28672 u1048576 alloc=1*2097152
[Sun Aug 13 08:31:57 2023] pcpu-alloc: [0] 0 1 
[Sun Aug 13 08:31:57 2023] Built 1 zonelists, mobility grouping on.  Total pages: 515945
[Sun Aug 13 08:31:57 2023] Policy zone: DMA32
[Sun Aug 13 08:31:57 2023] Kernel command line: BOOT_IMAGE=/boot/vmlinuz-5.4.0-156-generic root=UUID=22872c45-aa34-4124-aad3-00f1ce255be2 ro maybe-ubiquity
[Sun Aug 13 08:31:57 2023] Dentry cache hash table entries: 262144 (order: 9, 2097152 bytes, linear)
[Sun Aug 13 08:31:57 2023] Inode-cache hash table entries: 131072 (order: 8, 1048576 bytes, linear)
[Sun Aug 13 08:31:57 2023] mem auto-init: stack:off, heap alloc:on, heap free:off
[Sun Aug 13 08:31:57 2023] Calgary: detecting Calgary via BIOS EBDA area
[Sun Aug 13 08:31:57 2023] Calgary: Unable to locate Rio Grande table in EBDA - bailing!
[Sun Aug 13 08:31:57 2023] Memory: 1926140K/2096632K available (14339K kernel code, 2394K rwdata, 9512K rodata, 2764K init, 17232K bss, 170492K reserved, 0K cma-reserved)
[Sun Aug 13 08:31:57 2023] SLUB: HWalign=64, Order=0-3, MinObjects=0, CPUs=2, Nodes=1
[Sun Aug 13 08:31:57 2023] ftrace: allocating 44686 entries in 175 pages
[Sun Aug 13 08:31:57 2023] rcu: Hierarchical RCU implementation.
[Sun Aug 13 08:31:57 2023] rcu: 	RCU restricting CPUs from NR_CPUS=8192 to nr_cpu_ids=2.
[Sun Aug 13 08:31:57 2023] 	Tasks RCU enabled.
[Sun Aug 13 08:31:57 2023] rcu: RCU calculated value of scheduler-enlistment delay is 25 jiffies.
[Sun Aug 13 08:31:57 2023] rcu: Adjusting geometry for rcu_fanout_leaf=16, nr_cpu_ids=2
[Sun Aug 13 08:31:57 2023] NR_IRQS: 524544, nr_irqs: 440, preallocated irqs: 16
[Sun Aug 13 08:31:57 2023] random: crng init done
[Sun Aug 13 08:31:57 2023] Console: colour VGA+ 80x25
[Sun Aug 13 08:31:57 2023] printk: console [tty0] enabled
[Sun Aug 13 08:31:57 2023] ACPI: Core revision 20190816
[Sun Aug 13 08:31:57 2023] clocksource: hpet: mask: 0xffffffff max_cycles: 0xffffffff, max_idle_ns: 133484882848 ns
[Sun Aug 13 08:31:57 2023] APIC: Switch to symmetric I/O mode setup
[Sun Aug 13 08:31:57 2023] x2apic enabled
[Sun Aug 13 08:31:57 2023] Switched APIC routing to physical x2apic.
[Sun Aug 13 08:31:57 2023] ..TIMER: vector=0x30 apic1=0 pin1=2 apic2=-1 pin2=-1
[Sun Aug 13 08:31:57 2023] clocksource: tsc-early: mask: 0xffffffffffffffff max_cycles: 0x285c40e2248, max_idle_ns: 440795340634 ns
[Sun Aug 13 08:31:57 2023] Calibrating delay loop (skipped) preset value.. 5600.00 BogoMIPS (lpj=11200000)
[Sun Aug 13 08:31:57 2023] pid_max: default: 32768 minimum: 301
[Sun Aug 13 08:31:57 2023] LSM: Security Framework initializing
[Sun Aug 13 08:31:57 2023] Yama: becoming mindful.
[Sun Aug 13 08:31:57 2023] AppArmor: AppArmor initialized
[Sun Aug 13 08:31:57 2023] Mount-cache hash table entries: 4096 (order: 3, 32768 bytes, linear)
[Sun Aug 13 08:31:57 2023] Mountpoint-cache hash table entries: 4096 (order: 3, 32768 bytes, linear)
[Sun Aug 13 08:31:57 2023] *** VALIDATE tmpfs ***
[Sun Aug 13 08:31:57 2023] *** VALIDATE proc ***
[Sun Aug 13 08:31:57 2023] *** VALIDATE cgroup1 ***
[Sun Aug 13 08:31:57 2023] *** VALIDATE cgroup2 ***
[Sun Aug 13 08:31:57 2023] LVT offset 2 assigned for vector 0xf4
[Sun Aug 13 08:31:57 2023] Last level iTLB entries: 4KB 1024, 2MB 1024, 4MB 512
[Sun Aug 13 08:31:57 2023] Last level dTLB entries: 4KB 2048, 2MB 2048, 4MB 1024, 1GB 0
[Sun Aug 13 08:31:57 2023] Spectre V1 : Mitigation: usercopy/swapgs barriers and __user pointer sanitization
[Sun Aug 13 08:31:57 2023] Spectre V2 : Mitigation: Retpolines
[Sun Aug 13 08:31:57 2023] Spectre V2 : Spectre v2 / SpectreRSB mitigation: Filling RSB on context switch
[Sun Aug 13 08:31:57 2023] Spectre V2 : Spectre v2 / SpectreRSB : Filling RSB on VMEXIT
[Sun Aug 13 08:31:57 2023] RETBleed: Vulnerable
[Sun Aug 13 08:31:57 2023] Spectre V2 : mitigation: Enabling conditional Indirect Branch Prediction Barrier
[Sun Aug 13 08:31:57 2023] Speculative Store Bypass: Mitigation: Speculative Store Bypass disabled via prctl and seccomp
[Sun Aug 13 08:31:57 2023] Freeing SMP alternatives memory: 40K
[Sun Aug 13 08:31:57 2023] smpboot: CPU0: AMD EPYC 7282 16-Core Processor (family: 0x17, model: 0x31, stepping: 0x0)
[Sun Aug 13 08:31:57 2023] Performance Events: AMD PMU driver.
[Sun Aug 13 08:31:57 2023] ... version:                0
[Sun Aug 13 08:31:57 2023] ... bit width:              48
[Sun Aug 13 08:31:57 2023] ... generic registers:      4
[Sun Aug 13 08:31:57 2023] ... value mask:             0000ffffffffffff
[Sun Aug 13 08:31:57 2023] ... max period:             00007fffffffffff
[Sun Aug 13 08:31:57 2023] ... fixed-purpose events:   0
[Sun Aug 13 08:31:57 2023] ... event mask:             000000000000000f
[Sun Aug 13 08:31:57 2023] rcu: Hierarchical SRCU implementation.
[Sun Aug 13 08:31:57 2023] NMI watchdog: Enabled. Permanently consumes one hw-PMU counter.
[Sun Aug 13 08:31:57 2023] smp: Bringing up secondary CPUs ...
[Sun Aug 13 08:31:57 2023] x86: Booting SMP configuration:
[Sun Aug 13 08:31:57 2023] .... node  #0, CPUs:      #1
[Sun Aug 13 08:31:57 2023] smpboot: CPU 1 Converting physical 2 to logical package 1
[Sun Aug 13 08:31:57 2023] smpboot: CPU 1 Converting physical 2 to logical die 1
[Sun Aug 13 08:31:57 2023] smp: Brought up 1 node, 2 CPUs
[Sun Aug 13 08:31:57 2023] smpboot: Max logical packages: 2
[Sun Aug 13 08:31:57 2023] smpboot: Total of 2 processors activated (11200.00 BogoMIPS)
[Sun Aug 13 08:31:57 2023] devtmpfs: initialized
[Sun Aug 13 08:31:57 2023] x86/mm: Memory block size: 128MB
[Sun Aug 13 08:31:57 2023] PM: Registering ACPI NVS region [mem 0x7feff000-0x7fefffff] (4096 bytes)
[Sun Aug 13 08:31:57 2023] clocksource: jiffies: mask: 0xffffffff max_cycles: 0xffffffff, max_idle_ns: 7645041785100000 ns
[Sun Aug 13 08:31:57 2023] futex hash table entries: 512 (order: 3, 32768 bytes, linear)
[Sun Aug 13 08:31:57 2023] pinctrl core: initialized pinctrl subsystem
[Sun Aug 13 08:31:57 2023] PM: RTC time: 08:31:57, date: 2023-08-13
[Sun Aug 13 08:31:57 2023] NET: Registered protocol family 16
[Sun Aug 13 08:31:57 2023] audit: initializing netlink subsys (disabled)
[Sun Aug 13 08:31:57 2023] audit: type=2000 audit(1691915517.016:1): state=initialized audit_enabled=0 res=1
[Sun Aug 13 08:31:57 2023] EISA bus registered
[Sun Aug 13 08:31:57 2023] cpuidle: using governor ladder
[Sun Aug 13 08:31:57 2023] cpuidle: using governor menu
[Sun Aug 13 08:31:57 2023] Simple Boot Flag at 0x36 set to 0x80
[Sun Aug 13 08:31:57 2023] ACPI: bus type PCI registered
[Sun Aug 13 08:31:57 2023] acpiphp: ACPI Hot Plug PCI Controller Driver version: 0.5
[Sun Aug 13 08:31:57 2023] PCI: MMCONFIG for domain 0000 [bus 00-7f] at [mem 0xf0000000-0xf7ffffff] (base 0xf0000000)
[Sun Aug 13 08:31:57 2023] PCI: MMCONFIG at [mem 0xf0000000-0xf7ffffff] reserved in E820
[Sun Aug 13 08:31:57 2023] PCI: Using configuration type 1 for base access
[Sun Aug 13 08:31:57 2023] HugeTLB registered 1.00 GiB page size, pre-allocated 0 pages
[Sun Aug 13 08:31:57 2023] HugeTLB registered 2.00 MiB page size, pre-allocated 0 pages
[Sun Aug 13 08:31:57 2023] ACPI: Added _OSI(Module Device)
[Sun Aug 13 08:31:57 2023] ACPI: Added _OSI(Processor Device)
[Sun Aug 13 08:31:57 2023] ACPI: Added _OSI(3.0 _SCP Extensions)
[Sun Aug 13 08:31:57 2023] ACPI: Added _OSI(Processor Aggregator Device)
[Sun Aug 13 08:31:57 2023] ACPI: Added _OSI(Linux-Dell-Video)
[Sun Aug 13 08:31:57 2023] ACPI: Added _OSI(Linux-Lenovo-NV-HDMI-Audio)
[Sun Aug 13 08:31:57 2023] ACPI: Added _OSI(Linux-HPI-Hybrid-Graphics)
[Sun Aug 13 08:31:57 2023] ACPI: 1 ACPI AML tables successfully acquired and loaded
[Sun Aug 13 08:31:57 2023] ACPI: [Firmware Bug]: BIOS _OSI(Linux) query ignored
[Sun Aug 13 08:31:57 2023] ACPI: Interpreter enabled
[Sun Aug 13 08:31:57 2023] ACPI: (supports S0 S1 S4 S5)
[Sun Aug 13 08:31:57 2023] ACPI: Using IOAPIC for interrupt routing
[Sun Aug 13 08:31:57 2023] PCI: Using host bridge windows from ACPI; if necessary, use "pci=nocrs" and report a bug
[Sun Aug 13 08:31:57 2023] ACPI: Enabled 4 GPEs in block 00 to 0F
[Sun Aug 13 08:31:57 2023] ACPI: PCI Root Bridge [PCI0] (domain 0000 [bus 00-7f])
[Sun Aug 13 08:31:57 2023] acpi PNP0A03:00: _OSC: OS supports [ExtendedConfig ASPM ClockPM Segments MSI HPX-Type3]
[Sun Aug 13 08:31:57 2023] acpi PNP0A03:00: _OSC: platform does not support [AER LTR]
[Sun Aug 13 08:31:57 2023] acpi PNP0A03:00: _OSC: OS now controls [PCIeHotplug SHPCHotplug PME PCIeCapability]
[Sun Aug 13 08:31:57 2023] PCI host bridge to bus 0000:00
[Sun Aug 13 08:31:57 2023] pci_bus 0000:00: root bus resource [mem 0x000a0000-0x000bffff window]
[Sun Aug 13 08:31:57 2023] pci_bus 0000:00: root bus resource [mem 0x000d0000-0x000d3fff window]
[Sun Aug 13 08:31:57 2023] pci_bus 0000:00: root bus resource [mem 0x000d4000-0x000d7fff window]
[Sun Aug 13 08:31:57 2023] pci_bus 0000:00: root bus resource [mem 0x000d8000-0x000dbfff window]
[Sun Aug 13 08:31:57 2023] pci_bus 0000:00: root bus resource [mem 0x80000000-0xfebfffff window]
[Sun Aug 13 08:31:57 2023] pci_bus 0000:00: root bus resource [io  0x0000-0x0cf7 window]
[Sun Aug 13 08:31:57 2023] pci_bus 0000:00: root bus resource [io  0x0d00-0xfeff window]
[Sun Aug 13 08:31:57 2023] pci_bus 0000:00: root bus resource [bus 00-7f]
[Sun Aug 13 08:31:57 2023] pci 0000:00:00.0: [8086:7190] type 00 class 0x060000
[Sun Aug 13 08:31:57 2023] pci 0000:00:01.0: [8086:7191] type 01 class 0x060400
[Sun Aug 13 08:31:57 2023] pci 0000:00:07.0: [8086:7110] type 00 class 0x060100
[Sun Aug 13 08:31:57 2023] pci 0000:00:07.1: [8086:7111] type 00 class 0x01018a
[Sun Aug 13 08:31:57 2023] pci 0000:00:07.1: reg 0x20: [io  0x1060-0x106f]
[Sun Aug 13 08:31:57 2023] pci 0000:00:07.1: legacy IDE quirk: reg 0x10: [io  0x01f0-0x01f7]
[Sun Aug 13 08:31:57 2023] pci 0000:00:07.1: legacy IDE quirk: reg 0x14: [io  0x03f6]
[Sun Aug 13 08:31:57 2023] pci 0000:00:07.1: legacy IDE quirk: reg 0x18: [io  0x0170-0x0177]
[Sun Aug 13 08:31:57 2023] pci 0000:00:07.1: legacy IDE quirk: reg 0x1c: [io  0x0376]
[Sun Aug 13 08:31:57 2023] pci 0000:00:07.3: [8086:7113] type 00 class 0x068000
[Sun Aug 13 08:31:57 2023] pci 0000:00:07.3: quirk: [io  0x1000-0x103f] claimed by PIIX4 ACPI
[Sun Aug 13 08:31:57 2023] pci 0000:00:07.3: quirk: [io  0x1040-0x104f] claimed by PIIX4 SMB
[Sun Aug 13 08:31:57 2023] pci 0000:00:07.7: [15ad:0740] type 00 class 0x088000
[Sun Aug 13 08:31:57 2023] pci 0000:00:07.7: reg 0x10: [io  0x1080-0x10bf]
[Sun Aug 13 08:31:57 2023] pci 0000:00:07.7: reg 0x14: [mem 0xfebfe000-0xfebfffff 64bit]
[Sun Aug 13 08:31:57 2023] pci 0000:00:0f.0: [15ad:0405] type 00 class 0x030000
[Sun Aug 13 08:31:57 2023] pci 0000:00:0f.0: reg 0x10: [io  0x1070-0x107f]
[Sun Aug 13 08:31:57 2023] pci 0000:00:0f.0: reg 0x14: [mem 0xe8000000-0xefffffff pref]
[Sun Aug 13 08:31:57 2023] pci 0000:00:0f.0: reg 0x18: [mem 0xfe000000-0xfe7fffff]
[Sun Aug 13 08:31:57 2023] pci 0000:00:0f.0: reg 0x30: [mem 0x00000000-0x00007fff pref]
[Sun Aug 13 08:31:57 2023] pci 0000:00:10.0: [1000:0030] type 00 class 0x010000
[Sun Aug 13 08:31:57 2023] pci 0000:00:10.0: reg 0x10: [io  0x1400-0x14ff]
[Sun Aug 13 08:31:57 2023] pci 0000:00:10.0: reg 0x14: [mem 0xfeba0000-0xfebbffff 64bit]
[Sun Aug 13 08:31:57 2023] pci 0000:00:10.0: reg 0x1c: [mem 0xfebc0000-0xfebdffff 64bit]
[Sun Aug 13 08:31:57 2023] pci 0000:00:10.0: reg 0x30: [mem 0x00000000-0x00003fff pref]
[Sun Aug 13 08:31:57 2023] pci 0000:00:11.0: [15ad:0790] type 01 class 0x060401
[Sun Aug 13 08:31:57 2023] pci 0000:00:15.0: [15ad:07a0] type 01 class 0x060400
[Sun Aug 13 08:31:57 2023] pci 0000:00:15.0: PME# supported from D0 D3hot D3cold
[Sun Aug 13 08:31:57 2023] pci 0000:00:15.1: [15ad:07a0] type 01 class 0x060400
[Sun Aug 13 08:31:57 2023] pci 0000:00:15.1: PME# supported from D0 D3hot D3cold
[Sun Aug 13 08:31:57 2023] pci 0000:00:15.2: [15ad:07a0] type 01 class 0x060400
[Sun Aug 13 08:31:57 2023] pci 0000:00:15.2: PME# supported from D0 D3hot D3cold
[Sun Aug 13 08:31:57 2023] pci 0000:00:15.3: [15ad:07a0] type 01 class 0x060400
[Sun Aug 13 08:31:57 2023] pci 0000:00:15.3: PME# supported from D0 D3hot D3cold
[Sun Aug 13 08:31:57 2023] pci 0000:00:15.4: [15ad:07a0] type 01 class 0x060400
[Sun Aug 13 08:31:57 2023] pci 0000:00:15.4: PME# supported from D0 D3hot D3cold
[Sun Aug 13 08:31:57 2023] pci 0000:00:15.5: [15ad:07a0] type 01 class 0x060400
[Sun Aug 13 08:31:57 2023] pci 0000:00:15.5: PME# supported from D0 D3hot D3cold
[Sun Aug 13 08:31:57 2023] pci 0000:00:15.6: [15ad:07a0] type 01 class 0x060400
[Sun Aug 13 08:31:57 2023] pci 0000:00:15.6: PME# supported from D0 D3hot D3cold
[Sun Aug 13 08:31:57 2023] pci 0000:00:15.7: [15ad:07a0] type 01 class 0x060400
[Sun Aug 13 08:31:57 2023] pci 0000:00:15.7: PME# supported from D0 D3hot D3cold
[Sun Aug 13 08:31:57 2023] pci 0000:00:16.0: [15ad:07a0] type 01 class 0x060400
[Sun Aug 13 08:31:57 2023] pci 0000:00:16.0: PME# supported from D0 D3hot D3cold
[Sun Aug 13 08:31:57 2023] pci 0000:00:16.1: [15ad:07a0] type 01 class 0x060400
[Sun Aug 13 08:31:57 2023] pci 0000:00:16.1: PME# supported from D0 D3hot D3cold
[Sun Aug 13 08:31:57 2023] pci 0000:00:16.2: [15ad:07a0] type 01 class 0x060400
[Sun Aug 13 08:31:57 2023] pci 0000:00:16.2: PME# supported from D0 D3hot D3cold
[Sun Aug 13 08:31:57 2023] pci 0000:00:16.3: [15ad:07a0] type 01 class 0x060400
[Sun Aug 13 08:31:57 2023] pci 0000:00:16.3: PME# supported from D0 D3hot D3cold
[Sun Aug 13 08:31:57 2023] pci 0000:00:16.4: [15ad:07a0] type 01 class 0x060400
[Sun Aug 13 08:31:57 2023] pci 0000:00:16.4: PME# supported from D0 D3hot D3cold
[Sun Aug 13 08:31:57 2023] pci 0000:00:16.5: [15ad:07a0] type 01 class 0x060400
[Sun Aug 13 08:31:57 2023] pci 0000:00:16.5: PME# supported from D0 D3hot D3cold
[Sun Aug 13 08:31:57 2023] pci 0000:00:16.6: [15ad:07a0] type 01 class 0x060400
[Sun Aug 13 08:31:57 2023] pci 0000:00:16.6: PME# supported from D0 D3hot D3cold
[Sun Aug 13 08:31:57 2023] pci 0000:00:16.7: [15ad:07a0] type 01 class 0x060400
[Sun Aug 13 08:31:57 2023] pci 0000:00:16.7: PME# supported from D0 D3hot D3cold
[Sun Aug 13 08:31:57 2023] pci 0000:00:17.0: [15ad:07a0] type 01 class 0x060400
[Sun Aug 13 08:31:57 2023] pci 0000:00:17.0: PME# supported from D0 D3hot D3cold
[Sun Aug 13 08:31:57 2023] pci 0000:00:17.1: [15ad:07a0] type 01 class 0x060400
[Sun Aug 13 08:31:57 2023] pci 0000:00:17.1: PME# supported from D0 D3hot D3cold
[Sun Aug 13 08:31:57 2023] pci 0000:00:17.2: [15ad:07a0] type 01 class 0x060400
[Sun Aug 13 08:31:57 2023] pci 0000:00:17.2: PME# supported from D0 D3hot D3cold
[Sun Aug 13 08:31:57 2023] pci 0000:00:17.3: [15ad:07a0] type 01 class 0x060400
[Sun Aug 13 08:31:57 2023] pci 0000:00:17.3: PME# supported from D0 D3hot D3cold
[Sun Aug 13 08:31:57 2023] pci 0000:00:17.4: [15ad:07a0] type 01 class 0x060400
[Sun Aug 13 08:31:57 2023] pci 0000:00:17.4: PME# supported from D0 D3hot D3cold
[Sun Aug 13 08:31:57 2023] pci 0000:00:17.5: [15ad:07a0] type 01 class 0x060400
[Sun Aug 13 08:31:57 2023] pci 0000:00:17.5: PME# supported from D0 D3hot D3cold
[Sun Aug 13 08:31:57 2023] pci 0000:00:17.6: [15ad:07a0] type 01 class 0x060400
[Sun Aug 13 08:31:57 2023] pci 0000:00:17.6: PME# supported from D0 D3hot D3cold
[Sun Aug 13 08:31:57 2023] pci 0000:00:17.7: [15ad:07a0] type 01 class 0x060400
[Sun Aug 13 08:31:57 2023] pci 0000:00:17.7: PME# supported from D0 D3hot D3cold
[Sun Aug 13 08:31:57 2023] pci 0000:00:18.0: [15ad:07a0] type 01 class 0x060400
[Sun Aug 13 08:31:57 2023] pci 0000:00:18.0: PME# supported from D0 D3hot D3cold
[Sun Aug 13 08:31:57 2023] pci 0000:00:18.1: [15ad:07a0] type 01 class 0x060400
[Sun Aug 13 08:31:57 2023] pci 0000:00:18.1: PME# supported from D0 D3hot D3cold
[Sun Aug 13 08:31:57 2023] pci 0000:00:18.2: [15ad:07a0] type 01 class 0x060400
[Sun Aug 13 08:31:57 2023] pci 0000:00:18.2: PME# supported from D0 D3hot D3cold
[Sun Aug 13 08:31:57 2023] pci 0000:00:18.3: [15ad:07a0] type 01 class 0x060400
[Sun Aug 13 08:31:57 2023] pci 0000:00:18.3: PME# supported from D0 D3hot D3cold
[Sun Aug 13 08:31:57 2023] pci 0000:00:18.4: [15ad:07a0] type 01 class 0x060400
[Sun Aug 13 08:31:57 2023] pci 0000:00:18.4: PME# supported from D0 D3hot D3cold
[Sun Aug 13 08:31:57 2023] pci 0000:00:18.5: [15ad:07a0] type 01 class 0x060400
[Sun Aug 13 08:31:57 2023] pci 0000:00:18.5: PME# supported from D0 D3hot D3cold
[Sun Aug 13 08:31:57 2023] pci 0000:00:18.6: [15ad:07a0] type 01 class 0x060400
[Sun Aug 13 08:31:57 2023] pci 0000:00:18.6: PME# supported from D0 D3hot D3cold
[Sun Aug 13 08:31:57 2023] pci 0000:00:18.7: [15ad:07a0] type 01 class 0x060400
[Sun Aug 13 08:31:57 2023] pci 0000:00:18.7: PME# supported from D0 D3hot D3cold
[Sun Aug 13 08:31:57 2023] pci_bus 0000:01: extended config space not accessible
[Sun Aug 13 08:31:57 2023] pci 0000:00:01.0: PCI bridge to [bus 01]
[Sun Aug 13 08:31:57 2023] pci_bus 0000:02: extended config space not accessible
[Sun Aug 13 08:31:57 2023] acpiphp: Slot [32] registered
[Sun Aug 13 08:31:57 2023] acpiphp: Slot [33] registered
[Sun Aug 13 08:31:57 2023] acpiphp: Slot [34] registered
[Sun Aug 13 08:31:57 2023] acpiphp: Slot [35] registered
[Sun Aug 13 08:31:57 2023] acpiphp: Slot [36] registered
[Sun Aug 13 08:31:57 2023] acpiphp: Slot [37] registered
[Sun Aug 13 08:31:57 2023] acpiphp: Slot [38] registered
[Sun Aug 13 08:31:57 2023] acpiphp: Slot [39] registered
[Sun Aug 13 08:31:57 2023] acpiphp: Slot [40] registered
[Sun Aug 13 08:31:57 2023] acpiphp: Slot [41] registered
[Sun Aug 13 08:31:57 2023] acpiphp: Slot [42] registered
[Sun Aug 13 08:31:57 2023] acpiphp: Slot [43] registered
[Sun Aug 13 08:31:57 2023] acpiphp: Slot [44] registered
[Sun Aug 13 08:31:57 2023] acpiphp: Slot [45] registered
[Sun Aug 13 08:31:57 2023] acpiphp: Slot [46] registered
[Sun Aug 13 08:31:57 2023] acpiphp: Slot [47] registered
[Sun Aug 13 08:31:57 2023] acpiphp: Slot [48] registered
[Sun Aug 13 08:31:57 2023] acpiphp: Slot [49] registered
[Sun Aug 13 08:31:57 2023] acpiphp: Slot [50] registered
[Sun Aug 13 08:31:57 2023] acpiphp: Slot [51] registered
[Sun Aug 13 08:31:57 2023] acpiphp: Slot [52] registered
[Sun Aug 13 08:31:57 2023] acpiphp: Slot [53] registered
[Sun Aug 13 08:31:57 2023] acpiphp: Slot [54] registered
[Sun Aug 13 08:31:57 2023] acpiphp: Slot [55] registered
[Sun Aug 13 08:31:57 2023] acpiphp: Slot [56] registered
[Sun Aug 13 08:31:57 2023] acpiphp: Slot [57] registered
[Sun Aug 13 08:31:57 2023] acpiphp: Slot [58] registered
[Sun Aug 13 08:31:57 2023] acpiphp: Slot [59] registered
[Sun Aug 13 08:31:57 2023] acpiphp: Slot [60] registered
[Sun Aug 13 08:31:57 2023] acpiphp: Slot [61] registered
[Sun Aug 13 08:31:57 2023] acpiphp: Slot [62] registered
[Sun Aug 13 08:31:57 2023] acpiphp: Slot [63] registered
[Sun Aug 13 08:31:57 2023] pci 0000:02:01.0: [15ad:07e0] type 00 class 0x010601
[Sun Aug 13 08:31:57 2023] pci 0000:02:01.0: reg 0x24: [mem 0xfd5ff000-0xfd5fffff]
[Sun Aug 13 08:31:57 2023] pci 0000:02:01.0: reg 0x30: [mem 0x00000000-0x0000ffff pref]
[Sun Aug 13 08:31:57 2023] pci 0000:02:01.0: PME# supported from D3hot
[Sun Aug 13 08:31:57 2023] pci 0000:00:11.0: PCI bridge to [bus 02] (subtractive decode)
[Sun Aug 13 08:31:57 2023] pci 0000:00:11.0:   bridge window [io  0x2000-0x3fff]
[Sun Aug 13 08:31:57 2023] pci 0000:00:11.0:   bridge window [mem 0xfd500000-0xfdffffff]
[Sun Aug 13 08:31:57 2023] pci 0000:00:11.0:   bridge window [mem 0xe7b00000-0xe7ffffff 64bit pref]
[Sun Aug 13 08:31:57 2023] pci 0000:00:11.0:   bridge window [mem 0x000a0000-0x000bffff window] (subtractive decode)
[Sun Aug 13 08:31:57 2023] pci 0000:00:11.0:   bridge window [mem 0x000d0000-0x000d3fff window] (subtractive decode)
[Sun Aug 13 08:31:57 2023] pci 0000:00:11.0:   bridge window [mem 0x000d4000-0x000d7fff window] (subtractive decode)
[Sun Aug 13 08:31:57 2023] pci 0000:00:11.0:   bridge window [mem 0x000d8000-0x000dbfff window] (subtractive decode)
[Sun Aug 13 08:31:57 2023] pci 0000:00:11.0:   bridge window [mem 0x80000000-0xfebfffff window] (subtractive decode)
[Sun Aug 13 08:31:57 2023] pci 0000:00:11.0:   bridge window [io  0x0000-0x0cf7 window] (subtractive decode)
[Sun Aug 13 08:31:57 2023] pci 0000:00:11.0:   bridge window [io  0x0d00-0xfeff window] (subtractive decode)
[Sun Aug 13 08:31:57 2023] pci 0000:03:00.0: [15ad:07b0] type 00 class 0x020000
[Sun Aug 13 08:31:57 2023] pci 0000:03:00.0: reg 0x10: [mem 0xfd4fc000-0xfd4fcfff]
[Sun Aug 13 08:31:57 2023] pci 0000:03:00.0: reg 0x14: [mem 0xfd4fd000-0xfd4fdfff]
[Sun Aug 13 08:31:57 2023] pci 0000:03:00.0: reg 0x18: [mem 0xfd4fe000-0xfd4fffff]
[Sun Aug 13 08:31:57 2023] pci 0000:03:00.0: reg 0x1c: [io  0x4000-0x400f]
[Sun Aug 13 08:31:57 2023] pci 0000:03:00.0: reg 0x30: [mem 0x00000000-0x0000ffff pref]
[Sun Aug 13 08:31:57 2023] pci 0000:03:00.0: supports D1 D2
[Sun Aug 13 08:31:57 2023] pci 0000:03:00.0: PME# supported from D0 D1 D2 D3hot D3cold
[Sun Aug 13 08:31:57 2023] pci 0000:03:00.0: disabling ASPM on pre-1.1 PCIe device.  You can enable it with 'pcie_aspm=force'
[Sun Aug 13 08:31:57 2023] pci 0000:00:15.0: PCI bridge to [bus 03]
[Sun Aug 13 08:31:57 2023] pci 0000:00:15.0:   bridge window [io  0x4000-0x4fff]
[Sun Aug 13 08:31:57 2023] pci 0000:00:15.0:   bridge window [mem 0xfd400000-0xfd4fffff]
[Sun Aug 13 08:31:57 2023] pci 0000:00:15.1: PCI bridge to [bus 04]
[Sun Aug 13 08:31:57 2023] pci 0000:00:15.1:   bridge window [io  0x8000-0x8fff]
[Sun Aug 13 08:31:57 2023] pci 0000:00:15.1:   bridge window [mem 0xfd000000-0xfd0fffff]
[Sun Aug 13 08:31:57 2023] pci 0000:00:15.1:   bridge window [mem 0xe7700000-0xe77fffff 64bit pref]
[Sun Aug 13 08:31:57 2023] pci 0000:00:15.2: PCI bridge to [bus 05]
[Sun Aug 13 08:31:57 2023] pci 0000:00:15.2:   bridge window [io  0xc000-0xcfff]
[Sun Aug 13 08:31:57 2023] pci 0000:00:15.2:   bridge window [mem 0xfcc00000-0xfccfffff]
[Sun Aug 13 08:31:57 2023] pci 0000:00:15.2:   bridge window [mem 0xe7300000-0xe73fffff 64bit pref]
[Sun Aug 13 08:31:57 2023] pci 0000:00:15.3: PCI bridge to [bus 06]
[Sun Aug 13 08:31:57 2023] pci 0000:00:15.3:   bridge window [mem 0xfc800000-0xfc8fffff]
[Sun Aug 13 08:31:57 2023] pci 0000:00:15.3:   bridge window [mem 0xe6f00000-0xe6ffffff 64bit pref]
[Sun Aug 13 08:31:57 2023] pci 0000:00:15.4: PCI bridge to [bus 07]
[Sun Aug 13 08:31:57 2023] pci 0000:00:15.4:   bridge window [mem 0xfc400000-0xfc4fffff]
[Sun Aug 13 08:31:57 2023] pci 0000:00:15.4:   bridge window [mem 0xe6b00000-0xe6bfffff 64bit pref]
[Sun Aug 13 08:31:57 2023] pci 0000:00:15.5: PCI bridge to [bus 08]
[Sun Aug 13 08:31:57 2023] pci 0000:00:15.5:   bridge window [mem 0xfc000000-0xfc0fffff]
[Sun Aug 13 08:31:57 2023] pci 0000:00:15.5:   bridge window [mem 0xe6700000-0xe67fffff 64bit pref]
[Sun Aug 13 08:31:57 2023] pci 0000:00:15.6: PCI bridge to [bus 09]
[Sun Aug 13 08:31:57 2023] pci 0000:00:15.6:   bridge window [mem 0xfbc00000-0xfbcfffff]
[Sun Aug 13 08:31:57 2023] pci 0000:00:15.6:   bridge window [mem 0xe6300000-0xe63fffff 64bit pref]
[Sun Aug 13 08:31:57 2023] pci 0000:00:15.7: PCI bridge to [bus 0a]
[Sun Aug 13 08:31:57 2023] pci 0000:00:15.7:   bridge window [mem 0xfb800000-0xfb8fffff]
[Sun Aug 13 08:31:57 2023] pci 0000:00:15.7:   bridge window [mem 0xe5f00000-0xe5ffffff 64bit pref]
[Sun Aug 13 08:31:57 2023] pci 0000:00:16.0: PCI bridge to [bus 0b]
[Sun Aug 13 08:31:57 2023] pci 0000:00:16.0:   bridge window [io  0x5000-0x5fff]
[Sun Aug 13 08:31:57 2023] pci 0000:00:16.0:   bridge window [mem 0xfd300000-0xfd3fffff]
[Sun Aug 13 08:31:57 2023] pci 0000:00:16.0:   bridge window [mem 0xe7a00000-0xe7afffff 64bit pref]
[Sun Aug 13 08:31:57 2023] pci 0000:00:16.1: PCI bridge to [bus 0c]
[Sun Aug 13 08:31:57 2023] pci 0000:00:16.1:   bridge window [io  0x9000-0x9fff]
[Sun Aug 13 08:31:57 2023] pci 0000:00:16.1:   bridge window [mem 0xfcf00000-0xfcffffff]
[Sun Aug 13 08:31:57 2023] pci 0000:00:16.1:   bridge window [mem 0xe7600000-0xe76fffff 64bit pref]
[Sun Aug 13 08:31:57 2023] pci 0000:00:16.2: PCI bridge to [bus 0d]
[Sun Aug 13 08:31:57 2023] pci 0000:00:16.2:   bridge window [io  0xd000-0xdfff]
[Sun Aug 13 08:31:57 2023] pci 0000:00:16.2:   bridge window [mem 0xfcb00000-0xfcbfffff]
[Sun Aug 13 08:31:57 2023] pci 0000:00:16.2:   bridge window [mem 0xe7200000-0xe72fffff 64bit pref]
[Sun Aug 13 08:31:57 2023] pci 0000:00:16.3: PCI bridge to [bus 0e]
[Sun Aug 13 08:31:57 2023] pci 0000:00:16.3:   bridge window [mem 0xfc700000-0xfc7fffff]
[Sun Aug 13 08:31:57 2023] pci 0000:00:16.3:   bridge window [mem 0xe6e00000-0xe6efffff 64bit pref]
[Sun Aug 13 08:31:57 2023] pci 0000:00:16.4: PCI bridge to [bus 0f]
[Sun Aug 13 08:31:57 2023] pci 0000:00:16.4:   bridge window [mem 0xfc300000-0xfc3fffff]
[Sun Aug 13 08:31:57 2023] pci 0000:00:16.4:   bridge window [mem 0xe6a00000-0xe6afffff 64bit pref]
[Sun Aug 13 08:31:57 2023] pci 0000:00:16.5: PCI bridge to [bus 10]
[Sun Aug 13 08:31:57 2023] pci 0000:00:16.5:   bridge window [mem 0xfbf00000-0xfbffffff]
[Sun Aug 13 08:31:57 2023] pci 0000:00:16.5:   bridge window [mem 0xe6600000-0xe66fffff 64bit pref]
[Sun Aug 13 08:31:57 2023] pci 0000:00:16.6: PCI bridge to [bus 11]
[Sun Aug 13 08:31:57 2023] pci 0000:00:16.6:   bridge window [mem 0xfbb00000-0xfbbfffff]
[Sun Aug 13 08:31:57 2023] pci 0000:00:16.6:   bridge window [mem 0xe6200000-0xe62fffff 64bit pref]
[Sun Aug 13 08:31:57 2023] pci 0000:00:16.7: PCI bridge to [bus 12]
[Sun Aug 13 08:31:57 2023] pci 0000:00:16.7:   bridge window [mem 0xfb700000-0xfb7fffff]
[Sun Aug 13 08:31:57 2023] pci 0000:00:16.7:   bridge window [mem 0xe5e00000-0xe5efffff 64bit pref]
[Sun Aug 13 08:31:57 2023] pci 0000:00:17.0: PCI bridge to [bus 13]
[Sun Aug 13 08:31:57 2023] pci 0000:00:17.0:   bridge window [io  0x6000-0x6fff]
[Sun Aug 13 08:31:57 2023] pci 0000:00:17.0:   bridge window [mem 0xfd200000-0xfd2fffff]
[Sun Aug 13 08:31:57 2023] pci 0000:00:17.0:   bridge window [mem 0xe7900000-0xe79fffff 64bit pref]
[Sun Aug 13 08:31:57 2023] pci 0000:00:17.1: PCI bridge to [bus 14]
[Sun Aug 13 08:31:57 2023] pci 0000:00:17.1:   bridge window [io  0xa000-0xafff]
[Sun Aug 13 08:31:57 2023] pci 0000:00:17.1:   bridge window [mem 0xfce00000-0xfcefffff]
[Sun Aug 13 08:31:57 2023] pci 0000:00:17.1:   bridge window [mem 0xe7500000-0xe75fffff 64bit pref]
[Sun Aug 13 08:31:57 2023] pci 0000:00:17.2: PCI bridge to [bus 15]
[Sun Aug 13 08:31:57 2023] pci 0000:00:17.2:   bridge window [io  0xe000-0xefff]
[Sun Aug 13 08:31:57 2023] pci 0000:00:17.2:   bridge window [mem 0xfca00000-0xfcafffff]
[Sun Aug 13 08:31:57 2023] pci 0000:00:17.2:   bridge window [mem 0xe7100000-0xe71fffff 64bit pref]
[Sun Aug 13 08:31:57 2023] pci 0000:00:17.3: PCI bridge to [bus 16]
[Sun Aug 13 08:31:57 2023] pci 0000:00:17.3:   bridge window [mem 0xfc600000-0xfc6fffff]
[Sun Aug 13 08:31:57 2023] pci 0000:00:17.3:   bridge window [mem 0xe6d00000-0xe6dfffff 64bit pref]
[Sun Aug 13 08:31:57 2023] pci 0000:00:17.4: PCI bridge to [bus 17]
[Sun Aug 13 08:31:57 2023] pci 0000:00:17.4:   bridge window [mem 0xfc200000-0xfc2fffff]
[Sun Aug 13 08:31:57 2023] pci 0000:00:17.4:   bridge window [mem 0xe6900000-0xe69fffff 64bit pref]
[Sun Aug 13 08:31:57 2023] pci 0000:00:17.5: PCI bridge to [bus 18]
[Sun Aug 13 08:31:57 2023] pci 0000:00:17.5:   bridge window [mem 0xfbe00000-0xfbefffff]
[Sun Aug 13 08:31:57 2023] pci 0000:00:17.5:   bridge window [mem 0xe6500000-0xe65fffff 64bit pref]
[Sun Aug 13 08:31:57 2023] pci 0000:00:17.6: PCI bridge to [bus 19]
[Sun Aug 13 08:31:57 2023] pci 0000:00:17.6:   bridge window [mem 0xfba00000-0xfbafffff]
[Sun Aug 13 08:31:57 2023] pci 0000:00:17.6:   bridge window [mem 0xe6100000-0xe61fffff 64bit pref]
[Sun Aug 13 08:31:57 2023] pci 0000:00:17.7: PCI bridge to [bus 1a]
[Sun Aug 13 08:31:57 2023] pci 0000:00:17.7:   bridge window [mem 0xfb600000-0xfb6fffff]
[Sun Aug 13 08:31:57 2023] pci 0000:00:17.7:   bridge window [mem 0xe5d00000-0xe5dfffff 64bit pref]
[Sun Aug 13 08:31:57 2023] pci 0000:00:18.0: PCI bridge to [bus 1b]
[Sun Aug 13 08:31:57 2023] pci 0000:00:18.0:   bridge window [io  0x7000-0x7fff]
[Sun Aug 13 08:31:57 2023] pci 0000:00:18.0:   bridge window [mem 0xfd100000-0xfd1fffff]
[Sun Aug 13 08:31:57 2023] pci 0000:00:18.0:   bridge window [mem 0xe7800000-0xe78fffff 64bit pref]
[Sun Aug 13 08:31:57 2023] pci 0000:00:18.1: PCI bridge to [bus 1c]
[Sun Aug 13 08:31:57 2023] pci 0000:00:18.1:   bridge window [io  0xb000-0xbfff]
[Sun Aug 13 08:31:57 2023] pci 0000:00:18.1:   bridge window [mem 0xfcd00000-0xfcdfffff]
[Sun Aug 13 08:31:57 2023] pci 0000:00:18.1:   bridge window [mem 0xe7400000-0xe74fffff 64bit pref]
[Sun Aug 13 08:31:57 2023] pci 0000:00:18.2: PCI bridge to [bus 1d]
[Sun Aug 13 08:31:57 2023] pci 0000:00:18.2:   bridge window [mem 0xfc900000-0xfc9fffff]
[Sun Aug 13 08:31:57 2023] pci 0000:00:18.2:   bridge window [mem 0xe7000000-0xe70fffff 64bit pref]
[Sun Aug 13 08:31:57 2023] pci 0000:00:18.3: PCI bridge to [bus 1e]
[Sun Aug 13 08:31:57 2023] pci 0000:00:18.3:   bridge window [mem 0xfc500000-0xfc5fffff]
[Sun Aug 13 08:31:57 2023] pci 0000:00:18.3:   bridge window [mem 0xe6c00000-0xe6cfffff 64bit pref]
[Sun Aug 13 08:31:57 2023] pci 0000:00:18.4: PCI bridge to [bus 1f]
[Sun Aug 13 08:31:57 2023] pci 0000:00:18.4:   bridge window [mem 0xfc100000-0xfc1fffff]
[Sun Aug 13 08:31:57 2023] pci 0000:00:18.4:   bridge window [mem 0xe6800000-0xe68fffff 64bit pref]
[Sun Aug 13 08:31:57 2023] pci 0000:00:18.5: PCI bridge to [bus 20]
[Sun Aug 13 08:31:57 2023] pci 0000:00:18.5:   bridge window [mem 0xfbd00000-0xfbdfffff]
[Sun Aug 13 08:31:57 2023] pci 0000:00:18.5:   bridge window [mem 0xe6400000-0xe64fffff 64bit pref]
[Sun Aug 13 08:31:57 2023] pci 0000:00:18.6: PCI bridge to [bus 21]
[Sun Aug 13 08:31:57 2023] pci 0000:00:18.6:   bridge window [mem 0xfb900000-0xfb9fffff]
[Sun Aug 13 08:31:57 2023] pci 0000:00:18.6:   bridge window [mem 0xe6000000-0xe60fffff 64bit pref]
[Sun Aug 13 08:31:57 2023] pci 0000:00:18.7: PCI bridge to [bus 22]
[Sun Aug 13 08:31:57 2023] pci 0000:00:18.7:   bridge window [mem 0xfb500000-0xfb5fffff]
[Sun Aug 13 08:31:57 2023] pci 0000:00:18.7:   bridge window [mem 0xe5c00000-0xe5cfffff 64bit pref]
[Sun Aug 13 08:31:57 2023] ACPI: PCI Interrupt Link [LNKA] (IRQs 3 4 5 6 7 *9 10 11 14 15)
[Sun Aug 13 08:31:57 2023] ACPI: PCI Interrupt Link [LNKB] (IRQs 3 4 5 6 7 9 10 *11 14 15)
[Sun Aug 13 08:31:57 2023] ACPI: PCI Interrupt Link [LNKC] (IRQs 3 4 5 6 *7 9 10 11 14 15)
[Sun Aug 13 08:31:57 2023] ACPI: PCI Interrupt Link [LNKD] (IRQs 3 4 5 6 7 9 *10 11 14 15)
[Sun Aug 13 08:31:57 2023] iommu: Default domain type: Translated 
[Sun Aug 13 08:31:57 2023] SCSI subsystem initialized
[Sun Aug 13 08:31:57 2023] libata version 3.00 loaded.
[Sun Aug 13 08:31:57 2023] pci 0000:00:0f.0: vgaarb: setting as boot VGA device
[Sun Aug 13 08:31:57 2023] pci 0000:00:0f.0: vgaarb: VGA device added: decodes=io+mem,owns=io+mem,locks=none
[Sun Aug 13 08:31:57 2023] pci 0000:00:0f.0: vgaarb: bridge control possible
[Sun Aug 13 08:31:57 2023] vgaarb: loaded
[Sun Aug 13 08:31:57 2023] ACPI: bus type USB registered
[Sun Aug 13 08:31:57 2023] usbcore: registered new interface driver usbfs
[Sun Aug 13 08:31:57 2023] usbcore: registered new interface driver hub
[Sun Aug 13 08:31:57 2023] usbcore: registered new device driver usb
[Sun Aug 13 08:31:57 2023] pps_core: LinuxPPS API ver. 1 registered
[Sun Aug 13 08:31:57 2023] pps_core: Software ver. 5.3.6 - Copyright 2005-2007 Rodolfo Giometti <giometti@linux.it>
[Sun Aug 13 08:31:57 2023] PTP clock support registered
[Sun Aug 13 08:31:57 2023] EDAC MC: Ver: 3.0.0
[Sun Aug 13 08:31:57 2023] PCI: Using ACPI for IRQ routing
[Sun Aug 13 08:31:57 2023] PCI: pci_cache_line_size set to 64 bytes
[Sun Aug 13 08:31:57 2023] e820: reserve RAM buffer [mem 0x0009f400-0x0009ffff]
[Sun Aug 13 08:31:57 2023] e820: reserve RAM buffer [mem 0x7fee0000-0x7fffffff]
[Sun Aug 13 08:31:57 2023] NetLabel: Initializing
[Sun Aug 13 08:31:57 2023] NetLabel:  domain hash size = 128
[Sun Aug 13 08:31:57 2023] NetLabel:  protocols = UNLABELED CIPSOv4 CALIPSO
[Sun Aug 13 08:31:57 2023] NetLabel:  unlabeled traffic allowed by default
[Sun Aug 13 08:31:57 2023] hpet0: at MMIO 0xfed00000, IRQs 2, 8, 0, 0, 0, 0, 0, 0, 0, 0, 0, 0, 0, 0, 0, 0
[Sun Aug 13 08:31:57 2023] hpet0: 16 comparators, 64-bit 14.318180 MHz counter
[Sun Aug 13 08:31:57 2023] clocksource: Switched to clocksource tsc-early
[Sun Aug 13 08:31:57 2023] *** VALIDATE bpf ***
[Sun Aug 13 08:31:57 2023] VFS: Disk quotas dquot_6.6.0
[Sun Aug 13 08:31:57 2023] VFS: Dquot-cache hash table entries: 512 (order 0, 4096 bytes)
[Sun Aug 13 08:31:57 2023] *** VALIDATE ramfs ***
[Sun Aug 13 08:31:57 2023] *** VALIDATE hugetlbfs ***
[Sun Aug 13 08:31:57 2023] AppArmor: AppArmor Filesystem Enabled
[Sun Aug 13 08:31:57 2023] pnp: PnP ACPI init
[Sun Aug 13 08:31:57 2023] system 00:00: [io  0x1000-0x103f] has been reserved
[Sun Aug 13 08:31:57 2023] system 00:00: [io  0x1040-0x104f] has been reserved
[Sun Aug 13 08:31:57 2023] system 00:00: [io  0x0cf0-0x0cf1] has been reserved
[Sun Aug 13 08:31:57 2023] system 00:00: Plug and Play ACPI device, IDs PNP0c02 (active)
[Sun Aug 13 08:31:57 2023] pnp 00:01: Plug and Play ACPI device, IDs PNP0b00 (active)
[Sun Aug 13 08:31:57 2023] pnp 00:02: Plug and Play ACPI device, IDs PNP0303 (active)
[Sun Aug 13 08:31:57 2023] pnp 00:03: Plug and Play ACPI device, IDs VMW0003 PNP0f13 (active)
[Sun Aug 13 08:31:57 2023] system 00:04: [mem 0xfed00000-0xfed003ff] has been reserved
[Sun Aug 13 08:31:57 2023] system 00:04: Plug and Play ACPI device, IDs PNP0103 PNP0c01 (active)
[Sun Aug 13 08:31:57 2023] system 00:05: [io  0xfce0-0xfcff] has been reserved
[Sun Aug 13 08:31:57 2023] system 00:05: [mem 0xf0000000-0xf7ffffff] has been reserved
[Sun Aug 13 08:31:57 2023] system 00:05: [mem 0xfe800000-0xfe9fffff] has been reserved
[Sun Aug 13 08:31:57 2023] system 00:05: Plug and Play ACPI device, IDs PNP0c02 (active)
[Sun Aug 13 08:31:57 2023] pnp: PnP ACPI: found 6 devices
[Sun Aug 13 08:31:57 2023] thermal_sys: Registered thermal governor 'fair_share'
[Sun Aug 13 08:31:57 2023] thermal_sys: Registered thermal governor 'bang_bang'
[Sun Aug 13 08:31:57 2023] thermal_sys: Registered thermal governor 'step_wise'
[Sun Aug 13 08:31:57 2023] thermal_sys: Registered thermal governor 'user_space'
[Sun Aug 13 08:31:57 2023] thermal_sys: Registered thermal governor 'power_allocator'
[Sun Aug 13 08:31:57 2023] clocksource: acpi_pm: mask: 0xffffff max_cycles: 0xffffff, max_idle_ns: 2085701024 ns
[Sun Aug 13 08:31:57 2023] pci 0000:00:15.0: bridge window [mem 0x00100000-0x000fffff 64bit pref] to [bus 03] add_size 200000 add_align 100000
[Sun Aug 13 08:31:57 2023] pci 0000:00:15.3: bridge window [io  0x1000-0x0fff] to [bus 06] add_size 1000
[Sun Aug 13 08:31:57 2023] pci 0000:00:15.4: bridge window [io  0x1000-0x0fff] to [bus 07] add_size 1000
[Sun Aug 13 08:31:57 2023] pci 0000:00:15.5: bridge window [io  0x1000-0x0fff] to [bus 08] add_size 1000
[Sun Aug 13 08:31:57 2023] pci 0000:00:15.6: bridge window [io  0x1000-0x0fff] to [bus 09] add_size 1000
[Sun Aug 13 08:31:57 2023] pci 0000:00:15.7: bridge window [io  0x1000-0x0fff] to [bus 0a] add_size 1000
[Sun Aug 13 08:31:57 2023] pci 0000:00:16.3: bridge window [io  0x1000-0x0fff] to [bus 0e] add_size 1000
[Sun Aug 13 08:31:57 2023] pci 0000:00:16.4: bridge window [io  0x1000-0x0fff] to [bus 0f] add_size 1000
[Sun Aug 13 08:31:57 2023] pci 0000:00:16.5: bridge window [io  0x1000-0x0fff] to [bus 10] add_size 1000
[Sun Aug 13 08:31:57 2023] pci 0000:00:16.6: bridge window [io  0x1000-0x0fff] to [bus 11] add_size 1000
[Sun Aug 13 08:31:57 2023] pci 0000:00:16.7: bridge window [io  0x1000-0x0fff] to [bus 12] add_size 1000
[Sun Aug 13 08:31:57 2023] pci 0000:00:17.3: bridge window [io  0x1000-0x0fff] to [bus 16] add_size 1000
[Sun Aug 13 08:31:57 2023] pci 0000:00:17.4: bridge window [io  0x1000-0x0fff] to [bus 17] add_size 1000
[Sun Aug 13 08:31:57 2023] pci 0000:00:17.5: bridge window [io  0x1000-0x0fff] to [bus 18] add_size 1000
[Sun Aug 13 08:31:57 2023] pci 0000:00:17.6: bridge window [io  0x1000-0x0fff] to [bus 19] add_size 1000
[Sun Aug 13 08:31:57 2023] pci 0000:00:17.7: bridge window [io  0x1000-0x0fff] to [bus 1a] add_size 1000
[Sun Aug 13 08:31:57 2023] pci 0000:00:18.2: bridge window [io  0x1000-0x0fff] to [bus 1d] add_size 1000
[Sun Aug 13 08:31:57 2023] pci 0000:00:18.3: bridge window [io  0x1000-0x0fff] to [bus 1e] add_size 1000
[Sun Aug 13 08:31:57 2023] pci 0000:00:18.4: bridge window [io  0x1000-0x0fff] to [bus 1f] add_size 1000
[Sun Aug 13 08:31:57 2023] pci 0000:00:18.5: bridge window [io  0x1000-0x0fff] to [bus 20] add_size 1000
[Sun Aug 13 08:31:57 2023] pci 0000:00:18.6: bridge window [io  0x1000-0x0fff] to [bus 21] add_size 1000
[Sun Aug 13 08:31:57 2023] pci 0000:00:18.7: bridge window [io  0x1000-0x0fff] to [bus 22] add_size 1000
[Sun Aug 13 08:31:57 2023] pci 0000:00:15.0: BAR 15: assigned [mem 0x80000000-0x801fffff 64bit pref]
[Sun Aug 13 08:31:57 2023] pci 0000:00:0f.0: BAR 6: assigned [mem 0x80200000-0x80207fff pref]
[Sun Aug 13 08:31:57 2023] pci 0000:00:10.0: BAR 6: assigned [mem 0x80208000-0x8020bfff pref]
[Sun Aug 13 08:31:57 2023] pci 0000:00:15.3: BAR 13: no space for [io  size 0x1000]
[Sun Aug 13 08:31:57 2023] pci 0000:00:15.3: BAR 13: failed to assign [io  size 0x1000]
[Sun Aug 13 08:31:57 2023] pci 0000:00:15.4: BAR 13: no space for [io  size 0x1000]
[Sun Aug 13 08:31:57 2023] pci 0000:00:15.4: BAR 13: failed to assign [io  size 0x1000]
[Sun Aug 13 08:31:57 2023] pci 0000:00:15.5: BAR 13: no space for [io  size 0x1000]
[Sun Aug 13 08:31:57 2023] pci 0000:00:15.5: BAR 13: failed to assign [io  size 0x1000]
[Sun Aug 13 08:31:57 2023] pci 0000:00:15.6: BAR 13: no space for [io  size 0x1000]
[Sun Aug 13 08:31:57 2023] pci 0000:00:15.6: BAR 13: failed to assign [io  size 0x1000]
[Sun Aug 13 08:31:57 2023] pci 0000:00:15.7: BAR 13: no space for [io  size 0x1000]
[Sun Aug 13 08:31:57 2023] pci 0000:00:15.7: BAR 13: failed to assign [io  size 0x1000]
[Sun Aug 13 08:31:57 2023] pci 0000:00:16.3: BAR 13: no space for [io  size 0x1000]
[Sun Aug 13 08:31:57 2023] pci 0000:00:16.3: BAR 13: failed to assign [io  size 0x1000]
[Sun Aug 13 08:31:57 2023] pci 0000:00:16.4: BAR 13: no space for [io  size 0x1000]
[Sun Aug 13 08:31:57 2023] pci 0000:00:16.4: BAR 13: failed to assign [io  size 0x1000]
[Sun Aug 13 08:31:57 2023] pci 0000:00:16.5: BAR 13: no space for [io  size 0x1000]
[Sun Aug 13 08:31:57 2023] pci 0000:00:16.5: BAR 13: failed to assign [io  size 0x1000]
[Sun Aug 13 08:31:57 2023] pci 0000:00:16.6: BAR 13: no space for [io  size 0x1000]
[Sun Aug 13 08:31:57 2023] pci 0000:00:16.6: BAR 13: failed to assign [io  size 0x1000]
[Sun Aug 13 08:31:57 2023] pci 0000:00:16.7: BAR 13: no space for [io  size 0x1000]
[Sun Aug 13 08:31:57 2023] pci 0000:00:16.7: BAR 13: failed to assign [io  size 0x1000]
[Sun Aug 13 08:31:57 2023] pci 0000:00:17.3: BAR 13: no space for [io  size 0x1000]
[Sun Aug 13 08:31:57 2023] pci 0000:00:17.3: BAR 13: failed to assign [io  size 0x1000]
[Sun Aug 13 08:31:57 2023] pci 0000:00:17.4: BAR 13: no space for [io  size 0x1000]
[Sun Aug 13 08:31:57 2023] pci 0000:00:17.4: BAR 13: failed to assign [io  size 0x1000]
[Sun Aug 13 08:31:57 2023] pci 0000:00:17.5: BAR 13: no space for [io  size 0x1000]
[Sun Aug 13 08:31:57 2023] pci 0000:00:17.5: BAR 13: failed to assign [io  size 0x1000]
[Sun Aug 13 08:31:57 2023] pci 0000:00:17.6: BAR 13: no space for [io  size 0x1000]
[Sun Aug 13 08:31:57 2023] pci 0000:00:17.6: BAR 13: failed to assign [io  size 0x1000]
[Sun Aug 13 08:31:57 2023] pci 0000:00:17.7: BAR 13: no space for [io  size 0x1000]
[Sun Aug 13 08:31:57 2023] pci 0000:00:17.7: BAR 13: failed to assign [io  size 0x1000]
[Sun Aug 13 08:31:57 2023] pci 0000:00:18.2: BAR 13: no space for [io  size 0x1000]
[Sun Aug 13 08:31:57 2023] pci 0000:00:18.2: BAR 13: failed to assign [io  size 0x1000]
[Sun Aug 13 08:31:57 2023] pci 0000:00:18.3: BAR 13: no space for [io  size 0x1000]
[Sun Aug 13 08:31:57 2023] pci 0000:00:18.3: BAR 13: failed to assign [io  size 0x1000]
[Sun Aug 13 08:31:57 2023] pci 0000:00:18.4: BAR 13: no space for [io  size 0x1000]
[Sun Aug 13 08:31:57 2023] pci 0000:00:18.4: BAR 13: failed to assign [io  size 0x1000]
[Sun Aug 13 08:31:57 2023] pci 0000:00:18.5: BAR 13: no space for [io  size 0x1000]
[Sun Aug 13 08:31:57 2023] pci 0000:00:18.5: BAR 13: failed to assign [io  size 0x1000]
[Sun Aug 13 08:31:57 2023] pci 0000:00:18.6: BAR 13: no space for [io  size 0x1000]
[Sun Aug 13 08:31:57 2023] pci 0000:00:18.6: BAR 13: failed to assign [io  size 0x1000]
[Sun Aug 13 08:31:57 2023] pci 0000:00:18.7: BAR 13: no space for [io  size 0x1000]
[Sun Aug 13 08:31:57 2023] pci 0000:00:18.7: BAR 13: failed to assign [io  size 0x1000]
[Sun Aug 13 08:31:57 2023] pci 0000:00:18.7: BAR 13: no space for [io  size 0x1000]
[Sun Aug 13 08:31:57 2023] pci 0000:00:18.7: BAR 13: failed to assign [io  size 0x1000]
[Sun Aug 13 08:31:57 2023] pci 0000:00:18.6: BAR 13: no space for [io  size 0x1000]
[Sun Aug 13 08:31:57 2023] pci 0000:00:18.6: BAR 13: failed to assign [io  size 0x1000]
[Sun Aug 13 08:31:57 2023] pci 0000:00:18.5: BAR 13: no space for [io  size 0x1000]
[Sun Aug 13 08:31:57 2023] pci 0000:00:18.5: BAR 13: failed to assign [io  size 0x1000]
[Sun Aug 13 08:31:57 2023] pci 0000:00:18.4: BAR 13: no space for [io  size 0x1000]
[Sun Aug 13 08:31:57 2023] pci 0000:00:18.4: BAR 13: failed to assign [io  size 0x1000]
[Sun Aug 13 08:31:57 2023] pci 0000:00:18.3: BAR 13: no space for [io  size 0x1000]
[Sun Aug 13 08:31:57 2023] pci 0000:00:18.3: BAR 13: failed to assign [io  size 0x1000]
[Sun Aug 13 08:31:57 2023] pci 0000:00:18.2: BAR 13: no space for [io  size 0x1000]
[Sun Aug 13 08:31:57 2023] pci 0000:00:18.2: BAR 13: failed to assign [io  size 0x1000]
[Sun Aug 13 08:31:57 2023] pci 0000:00:17.7: BAR 13: no space for [io  size 0x1000]
[Sun Aug 13 08:31:57 2023] pci 0000:00:17.7: BAR 13: failed to assign [io  size 0x1000]
[Sun Aug 13 08:31:57 2023] pci 0000:00:17.6: BAR 13: no space for [io  size 0x1000]
[Sun Aug 13 08:31:57 2023] pci 0000:00:17.6: BAR 13: failed to assign [io  size 0x1000]
[Sun Aug 13 08:31:57 2023] pci 0000:00:17.5: BAR 13: no space for [io  size 0x1000]
[Sun Aug 13 08:31:57 2023] pci 0000:00:17.5: BAR 13: failed to assign [io  size 0x1000]
[Sun Aug 13 08:31:57 2023] pci 0000:00:17.4: BAR 13: no space for [io  size 0x1000]
[Sun Aug 13 08:31:57 2023] pci 0000:00:17.4: BAR 13: failed to assign [io  size 0x1000]
[Sun Aug 13 08:31:57 2023] pci 0000:00:17.3: BAR 13: no space for [io  size 0x1000]
[Sun Aug 13 08:31:57 2023] pci 0000:00:17.3: BAR 13: failed to assign [io  size 0x1000]
[Sun Aug 13 08:31:57 2023] pci 0000:00:16.7: BAR 13: no space for [io  size 0x1000]
[Sun Aug 13 08:31:57 2023] pci 0000:00:16.7: BAR 13: failed to assign [io  size 0x1000]
[Sun Aug 13 08:31:57 2023] pci 0000:00:16.6: BAR 13: no space for [io  size 0x1000]
[Sun Aug 13 08:31:57 2023] pci 0000:00:16.6: BAR 13: failed to assign [io  size 0x1000]
[Sun Aug 13 08:31:57 2023] pci 0000:00:16.5: BAR 13: no space for [io  size 0x1000]
[Sun Aug 13 08:31:57 2023] pci 0000:00:16.5: BAR 13: failed to assign [io  size 0x1000]
[Sun Aug 13 08:31:57 2023] pci 0000:00:16.4: BAR 13: no space for [io  size 0x1000]
[Sun Aug 13 08:31:57 2023] pci 0000:00:16.4: BAR 13: failed to assign [io  size 0x1000]
[Sun Aug 13 08:31:57 2023] pci 0000:00:16.3: BAR 13: no space for [io  size 0x1000]
[Sun Aug 13 08:31:57 2023] pci 0000:00:16.3: BAR 13: failed to assign [io  size 0x1000]
[Sun Aug 13 08:31:57 2023] pci 0000:00:15.7: BAR 13: no space for [io  size 0x1000]
[Sun Aug 13 08:31:57 2023] pci 0000:00:15.7: BAR 13: failed to assign [io  size 0x1000]
[Sun Aug 13 08:31:57 2023] pci 0000:00:15.6: BAR 13: no space for [io  size 0x1000]
[Sun Aug 13 08:31:57 2023] pci 0000:00:15.6: BAR 13: failed to assign [io  size 0x1000]
[Sun Aug 13 08:31:57 2023] pci 0000:00:15.5: BAR 13: no space for [io  size 0x1000]
[Sun Aug 13 08:31:57 2023] pci 0000:00:15.5: BAR 13: failed to assign [io  size 0x1000]
[Sun Aug 13 08:31:57 2023] pci 0000:00:15.4: BAR 13: no space for [io  size 0x1000]
[Sun Aug 13 08:31:57 2023] pci 0000:00:15.4: BAR 13: failed to assign [io  size 0x1000]
[Sun Aug 13 08:31:57 2023] pci 0000:00:15.3: BAR 13: no space for [io  size 0x1000]
[Sun Aug 13 08:31:57 2023] pci 0000:00:15.3: BAR 13: failed to assign [io  size 0x1000]
[Sun Aug 13 08:31:57 2023] pci 0000:00:01.0: PCI bridge to [bus 01]
[Sun Aug 13 08:31:57 2023] pci 0000:02:01.0: BAR 6: assigned [mem 0xfd500000-0xfd50ffff pref]
[Sun Aug 13 08:31:57 2023] pci 0000:00:11.0: PCI bridge to [bus 02]
[Sun Aug 13 08:31:57 2023] pci 0000:00:11.0:   bridge window [io  0x2000-0x3fff]
[Sun Aug 13 08:31:57 2023] pci 0000:00:11.0:   bridge window [mem 0xfd500000-0xfdffffff]
[Sun Aug 13 08:31:57 2023] pci 0000:00:11.0:   bridge window [mem 0xe7b00000-0xe7ffffff 64bit pref]
[Sun Aug 13 08:31:57 2023] pci 0000:03:00.0: BAR 6: assigned [mem 0xfd400000-0xfd40ffff pref]
[Sun Aug 13 08:31:57 2023] pci 0000:00:15.0: PCI bridge to [bus 03]
[Sun Aug 13 08:31:57 2023] pci 0000:00:15.0:   bridge window [io  0x4000-0x4fff]
[Sun Aug 13 08:31:57 2023] pci 0000:00:15.0:   bridge window [mem 0xfd400000-0xfd4fffff]
[Sun Aug 13 08:31:57 2023] pci 0000:00:15.0:   bridge window [mem 0x80000000-0x801fffff 64bit pref]
[Sun Aug 13 08:31:57 2023] pci 0000:00:15.1: PCI bridge to [bus 04]
[Sun Aug 13 08:31:57 2023] pci 0000:00:15.1:   bridge window [io  0x8000-0x8fff]
[Sun Aug 13 08:31:57 2023] pci 0000:00:15.1:   bridge window [mem 0xfd000000-0xfd0fffff]
[Sun Aug 13 08:31:57 2023] pci 0000:00:15.1:   bridge window [mem 0xe7700000-0xe77fffff 64bit pref]
[Sun Aug 13 08:31:57 2023] pci 0000:00:15.2: PCI bridge to [bus 05]
[Sun Aug 13 08:31:57 2023] pci 0000:00:15.2:   bridge window [io  0xc000-0xcfff]
[Sun Aug 13 08:31:57 2023] pci 0000:00:15.2:   bridge window [mem 0xfcc00000-0xfccfffff]
[Sun Aug 13 08:31:57 2023] pci 0000:00:15.2:   bridge window [mem 0xe7300000-0xe73fffff 64bit pref]
[Sun Aug 13 08:31:57 2023] pci 0000:00:15.3: PCI bridge to [bus 06]
[Sun Aug 13 08:31:57 2023] pci 0000:00:15.3:   bridge window [mem 0xfc800000-0xfc8fffff]
[Sun Aug 13 08:31:57 2023] pci 0000:00:15.3:   bridge window [mem 0xe6f00000-0xe6ffffff 64bit pref]
[Sun Aug 13 08:31:57 2023] pci 0000:00:15.4: PCI bridge to [bus 07]
[Sun Aug 13 08:31:57 2023] pci 0000:00:15.4:   bridge window [mem 0xfc400000-0xfc4fffff]
[Sun Aug 13 08:31:57 2023] pci 0000:00:15.4:   bridge window [mem 0xe6b00000-0xe6bfffff 64bit pref]
[Sun Aug 13 08:31:57 2023] pci 0000:00:15.5: PCI bridge to [bus 08]
[Sun Aug 13 08:31:57 2023] pci 0000:00:15.5:   bridge window [mem 0xfc000000-0xfc0fffff]
[Sun Aug 13 08:31:57 2023] pci 0000:00:15.5:   bridge window [mem 0xe6700000-0xe67fffff 64bit pref]
[Sun Aug 13 08:31:57 2023] pci 0000:00:15.6: PCI bridge to [bus 09]
[Sun Aug 13 08:31:57 2023] pci 0000:00:15.6:   bridge window [mem 0xfbc00000-0xfbcfffff]
[Sun Aug 13 08:31:57 2023] pci 0000:00:15.6:   bridge window [mem 0xe6300000-0xe63fffff 64bit pref]
[Sun Aug 13 08:31:57 2023] pci 0000:00:15.7: PCI bridge to [bus 0a]
[Sun Aug 13 08:31:57 2023] pci 0000:00:15.7:   bridge window [mem 0xfb800000-0xfb8fffff]
[Sun Aug 13 08:31:57 2023] pci 0000:00:15.7:   bridge window [mem 0xe5f00000-0xe5ffffff 64bit pref]
[Sun Aug 13 08:31:57 2023] pci 0000:00:16.0: PCI bridge to [bus 0b]
[Sun Aug 13 08:31:57 2023] pci 0000:00:16.0:   bridge window [io  0x5000-0x5fff]
[Sun Aug 13 08:31:57 2023] pci 0000:00:16.0:   bridge window [mem 0xfd300000-0xfd3fffff]
[Sun Aug 13 08:31:57 2023] pci 0000:00:16.0:   bridge window [mem 0xe7a00000-0xe7afffff 64bit pref]
[Sun Aug 13 08:31:57 2023] pci 0000:00:16.1: PCI bridge to [bus 0c]
[Sun Aug 13 08:31:57 2023] pci 0000:00:16.1:   bridge window [io  0x9000-0x9fff]
[Sun Aug 13 08:31:57 2023] pci 0000:00:16.1:   bridge window [mem 0xfcf00000-0xfcffffff]
[Sun Aug 13 08:31:57 2023] pci 0000:00:16.1:   bridge window [mem 0xe7600000-0xe76fffff 64bit pref]
[Sun Aug 13 08:31:57 2023] pci 0000:00:16.2: PCI bridge to [bus 0d]
[Sun Aug 13 08:31:57 2023] pci 0000:00:16.2:   bridge window [io  0xd000-0xdfff]
[Sun Aug 13 08:31:57 2023] pci 0000:00:16.2:   bridge window [mem 0xfcb00000-0xfcbfffff]
[Sun Aug 13 08:31:57 2023] pci 0000:00:16.2:   bridge window [mem 0xe7200000-0xe72fffff 64bit pref]
[Sun Aug 13 08:31:57 2023] pci 0000:00:16.3: PCI bridge to [bus 0e]
[Sun Aug 13 08:31:57 2023] pci 0000:00:16.3:   bridge window [mem 0xfc700000-0xfc7fffff]
[Sun Aug 13 08:31:57 2023] pci 0000:00:16.3:   bridge window [mem 0xe6e00000-0xe6efffff 64bit pref]
[Sun Aug 13 08:31:57 2023] pci 0000:00:16.4: PCI bridge to [bus 0f]
[Sun Aug 13 08:31:57 2023] pci 0000:00:16.4:   bridge window [mem 0xfc300000-0xfc3fffff]
[Sun Aug 13 08:31:57 2023] pci 0000:00:16.4:   bridge window [mem 0xe6a00000-0xe6afffff 64bit pref]
[Sun Aug 13 08:31:57 2023] pci 0000:00:16.5: PCI bridge to [bus 10]
[Sun Aug 13 08:31:57 2023] pci 0000:00:16.5:   bridge window [mem 0xfbf00000-0xfbffffff]
[Sun Aug 13 08:31:57 2023] pci 0000:00:16.5:   bridge window [mem 0xe6600000-0xe66fffff 64bit pref]
[Sun Aug 13 08:31:57 2023] pci 0000:00:16.6: PCI bridge to [bus 11]
[Sun Aug 13 08:31:57 2023] pci 0000:00:16.6:   bridge window [mem 0xfbb00000-0xfbbfffff]
[Sun Aug 13 08:31:57 2023] pci 0000:00:16.6:   bridge window [mem 0xe6200000-0xe62fffff 64bit pref]
[Sun Aug 13 08:31:57 2023] pci 0000:00:16.7: PCI bridge to [bus 12]
[Sun Aug 13 08:31:57 2023] pci 0000:00:16.7:   bridge window [mem 0xfb700000-0xfb7fffff]
[Sun Aug 13 08:31:57 2023] pci 0000:00:16.7:   bridge window [mem 0xe5e00000-0xe5efffff 64bit pref]
[Sun Aug 13 08:31:57 2023] pci 0000:00:17.0: PCI bridge to [bus 13]
[Sun Aug 13 08:31:57 2023] pci 0000:00:17.0:   bridge window [io  0x6000-0x6fff]
[Sun Aug 13 08:31:57 2023] pci 0000:00:17.0:   bridge window [mem 0xfd200000-0xfd2fffff]
[Sun Aug 13 08:31:57 2023] pci 0000:00:17.0:   bridge window [mem 0xe7900000-0xe79fffff 64bit pref]
[Sun Aug 13 08:31:57 2023] pci 0000:00:17.1: PCI bridge to [bus 14]
[Sun Aug 13 08:31:57 2023] pci 0000:00:17.1:   bridge window [io  0xa000-0xafff]
[Sun Aug 13 08:31:57 2023] pci 0000:00:17.1:   bridge window [mem 0xfce00000-0xfcefffff]
[Sun Aug 13 08:31:57 2023] pci 0000:00:17.1:   bridge window [mem 0xe7500000-0xe75fffff 64bit pref]
[Sun Aug 13 08:31:57 2023] pci 0000:00:17.2: PCI bridge to [bus 15]
[Sun Aug 13 08:31:57 2023] pci 0000:00:17.2:   bridge window [io  0xe000-0xefff]
[Sun Aug 13 08:31:57 2023] pci 0000:00:17.2:   bridge window [mem 0xfca00000-0xfcafffff]
[Sun Aug 13 08:31:57 2023] pci 0000:00:17.2:   bridge window [mem 0xe7100000-0xe71fffff 64bit pref]
[Sun Aug 13 08:31:57 2023] pci 0000:00:17.3: PCI bridge to [bus 16]
[Sun Aug 13 08:31:57 2023] pci 0000:00:17.3:   bridge window [mem 0xfc600000-0xfc6fffff]
[Sun Aug 13 08:31:57 2023] pci 0000:00:17.3:   bridge window [mem 0xe6d00000-0xe6dfffff 64bit pref]
[Sun Aug 13 08:31:57 2023] pci 0000:00:17.4: PCI bridge to [bus 17]
[Sun Aug 13 08:31:57 2023] pci 0000:00:17.4:   bridge window [mem 0xfc200000-0xfc2fffff]
[Sun Aug 13 08:31:57 2023] pci 0000:00:17.4:   bridge window [mem 0xe6900000-0xe69fffff 64bit pref]
[Sun Aug 13 08:31:57 2023] pci 0000:00:17.5: PCI bridge to [bus 18]
[Sun Aug 13 08:31:57 2023] pci 0000:00:17.5:   bridge window [mem 0xfbe00000-0xfbefffff]
[Sun Aug 13 08:31:57 2023] pci 0000:00:17.5:   bridge window [mem 0xe6500000-0xe65fffff 64bit pref]
[Sun Aug 13 08:31:57 2023] pci 0000:00:17.6: PCI bridge to [bus 19]
[Sun Aug 13 08:31:57 2023] pci 0000:00:17.6:   bridge window [mem 0xfba00000-0xfbafffff]
[Sun Aug 13 08:31:57 2023] pci 0000:00:17.6:   bridge window [mem 0xe6100000-0xe61fffff 64bit pref]
[Sun Aug 13 08:31:57 2023] pci 0000:00:17.7: PCI bridge to [bus 1a]
[Sun Aug 13 08:31:57 2023] pci 0000:00:17.7:   bridge window [mem 0xfb600000-0xfb6fffff]
[Sun Aug 13 08:31:57 2023] pci 0000:00:17.7:   bridge window [mem 0xe5d00000-0xe5dfffff 64bit pref]
[Sun Aug 13 08:31:57 2023] pci 0000:00:18.0: PCI bridge to [bus 1b]
[Sun Aug 13 08:31:57 2023] pci 0000:00:18.0:   bridge window [io  0x7000-0x7fff]
[Sun Aug 13 08:31:57 2023] pci 0000:00:18.0:   bridge window [mem 0xfd100000-0xfd1fffff]
[Sun Aug 13 08:31:57 2023] pci 0000:00:18.0:   bridge window [mem 0xe7800000-0xe78fffff 64bit pref]
[Sun Aug 13 08:31:57 2023] pci 0000:00:18.1: PCI bridge to [bus 1c]
[Sun Aug 13 08:31:57 2023] pci 0000:00:18.1:   bridge window [io  0xb000-0xbfff]
[Sun Aug 13 08:31:57 2023] pci 0000:00:18.1:   bridge window [mem 0xfcd00000-0xfcdfffff]
[Sun Aug 13 08:31:57 2023] pci 0000:00:18.1:   bridge window [mem 0xe7400000-0xe74fffff 64bit pref]
[Sun Aug 13 08:31:57 2023] pci 0000:00:18.2: PCI bridge to [bus 1d]
[Sun Aug 13 08:31:57 2023] pci 0000:00:18.2:   bridge window [mem 0xfc900000-0xfc9fffff]
[Sun Aug 13 08:31:57 2023] pci 0000:00:18.2:   bridge window [mem 0xe7000000-0xe70fffff 64bit pref]
[Sun Aug 13 08:31:57 2023] pci 0000:00:18.3: PCI bridge to [bus 1e]
[Sun Aug 13 08:31:57 2023] pci 0000:00:18.3:   bridge window [mem 0xfc500000-0xfc5fffff]
[Sun Aug 13 08:31:57 2023] pci 0000:00:18.3:   bridge window [mem 0xe6c00000-0xe6cfffff 64bit pref]
[Sun Aug 13 08:31:57 2023] pci 0000:00:18.4: PCI bridge to [bus 1f]
[Sun Aug 13 08:31:57 2023] pci 0000:00:18.4:   bridge window [mem 0xfc100000-0xfc1fffff]
[Sun Aug 13 08:31:57 2023] pci 0000:00:18.4:   bridge window [mem 0xe6800000-0xe68fffff 64bit pref]
[Sun Aug 13 08:31:57 2023] pci 0000:00:18.5: PCI bridge to [bus 20]
[Sun Aug 13 08:31:57 2023] pci 0000:00:18.5:   bridge window [mem 0xfbd00000-0xfbdfffff]
[Sun Aug 13 08:31:57 2023] pci 0000:00:18.5:   bridge window [mem 0xe6400000-0xe64fffff 64bit pref]
[Sun Aug 13 08:31:57 2023] pci 0000:00:18.6: PCI bridge to [bus 21]
[Sun Aug 13 08:31:57 2023] pci 0000:00:18.6:   bridge window [mem 0xfb900000-0xfb9fffff]
[Sun Aug 13 08:31:57 2023] pci 0000:00:18.6:   bridge window [mem 0xe6000000-0xe60fffff 64bit pref]
[Sun Aug 13 08:31:57 2023] pci 0000:00:18.7: PCI bridge to [bus 22]
[Sun Aug 13 08:31:57 2023] pci 0000:00:18.7:   bridge window [mem 0xfb500000-0xfb5fffff]
[Sun Aug 13 08:31:57 2023] pci 0000:00:18.7:   bridge window [mem 0xe5c00000-0xe5cfffff 64bit pref]
[Sun Aug 13 08:31:57 2023] pci_bus 0000:00: resource 4 [mem 0x000a0000-0x000bffff window]
[Sun Aug 13 08:31:57 2023] pci_bus 0000:00: resource 5 [mem 0x000d0000-0x000d3fff window]
[Sun Aug 13 08:31:57 2023] pci_bus 0000:00: resource 6 [mem 0x000d4000-0x000d7fff window]
[Sun Aug 13 08:31:57 2023] pci_bus 0000:00: resource 7 [mem 0x000d8000-0x000dbfff window]
[Sun Aug 13 08:31:57 2023] pci_bus 0000:00: resource 8 [mem 0x80000000-0xfebfffff window]
[Sun Aug 13 08:31:57 2023] pci_bus 0000:00: resource 9 [io  0x0000-0x0cf7 window]
[Sun Aug 13 08:31:57 2023] pci_bus 0000:00: resource 10 [io  0x0d00-0xfeff window]
[Sun Aug 13 08:31:57 2023] pci_bus 0000:02: resource 0 [io  0x2000-0x3fff]
[Sun Aug 13 08:31:57 2023] pci_bus 0000:02: resource 1 [mem 0xfd500000-0xfdffffff]
[Sun Aug 13 08:31:57 2023] pci_bus 0000:02: resource 2 [mem 0xe7b00000-0xe7ffffff 64bit pref]
[Sun Aug 13 08:31:57 2023] pci_bus 0000:02: resource 4 [mem 0x000a0000-0x000bffff window]
[Sun Aug 13 08:31:57 2023] pci_bus 0000:02: resource 5 [mem 0x000d0000-0x000d3fff window]
[Sun Aug 13 08:31:57 2023] pci_bus 0000:02: resource 6 [mem 0x000d4000-0x000d7fff window]
[Sun Aug 13 08:31:57 2023] pci_bus 0000:02: resource 7 [mem 0x000d8000-0x000dbfff window]
[Sun Aug 13 08:31:57 2023] pci_bus 0000:02: resource 8 [mem 0x80000000-0xfebfffff window]
[Sun Aug 13 08:31:57 2023] pci_bus 0000:02: resource 9 [io  0x0000-0x0cf7 window]
[Sun Aug 13 08:31:57 2023] pci_bus 0000:02: resource 10 [io  0x0d00-0xfeff window]
[Sun Aug 13 08:31:57 2023] pci_bus 0000:03: resource 0 [io  0x4000-0x4fff]
[Sun Aug 13 08:31:57 2023] pci_bus 0000:03: resource 1 [mem 0xfd400000-0xfd4fffff]
[Sun Aug 13 08:31:57 2023] pci_bus 0000:03: resource 2 [mem 0x80000000-0x801fffff 64bit pref]
[Sun Aug 13 08:31:57 2023] pci_bus 0000:04: resource 0 [io  0x8000-0x8fff]
[Sun Aug 13 08:31:57 2023] pci_bus 0000:04: resource 1 [mem 0xfd000000-0xfd0fffff]
[Sun Aug 13 08:31:57 2023] pci_bus 0000:04: resource 2 [mem 0xe7700000-0xe77fffff 64bit pref]
[Sun Aug 13 08:31:57 2023] pci_bus 0000:05: resource 0 [io  0xc000-0xcfff]
[Sun Aug 13 08:31:57 2023] pci_bus 0000:05: resource 1 [mem 0xfcc00000-0xfccfffff]
[Sun Aug 13 08:31:57 2023] pci_bus 0000:05: resource 2 [mem 0xe7300000-0xe73fffff 64bit pref]
[Sun Aug 13 08:31:57 2023] pci_bus 0000:06: resource 1 [mem 0xfc800000-0xfc8fffff]
[Sun Aug 13 08:31:57 2023] pci_bus 0000:06: resource 2 [mem 0xe6f00000-0xe6ffffff 64bit pref]
[Sun Aug 13 08:31:57 2023] pci_bus 0000:07: resource 1 [mem 0xfc400000-0xfc4fffff]
[Sun Aug 13 08:31:57 2023] pci_bus 0000:07: resource 2 [mem 0xe6b00000-0xe6bfffff 64bit pref]
[Sun Aug 13 08:31:57 2023] pci_bus 0000:08: resource 1 [mem 0xfc000000-0xfc0fffff]
[Sun Aug 13 08:31:57 2023] pci_bus 0000:08: resource 2 [mem 0xe6700000-0xe67fffff 64bit pref]
[Sun Aug 13 08:31:57 2023] pci_bus 0000:09: resource 1 [mem 0xfbc00000-0xfbcfffff]
[Sun Aug 13 08:31:57 2023] pci_bus 0000:09: resource 2 [mem 0xe6300000-0xe63fffff 64bit pref]
[Sun Aug 13 08:31:57 2023] pci_bus 0000:0a: resource 1 [mem 0xfb800000-0xfb8fffff]
[Sun Aug 13 08:31:57 2023] pci_bus 0000:0a: resource 2 [mem 0xe5f00000-0xe5ffffff 64bit pref]
[Sun Aug 13 08:31:57 2023] pci_bus 0000:0b: resource 0 [io  0x5000-0x5fff]
[Sun Aug 13 08:31:57 2023] pci_bus 0000:0b: resource 1 [mem 0xfd300000-0xfd3fffff]
[Sun Aug 13 08:31:57 2023] pci_bus 0000:0b: resource 2 [mem 0xe7a00000-0xe7afffff 64bit pref]
[Sun Aug 13 08:31:57 2023] pci_bus 0000:0c: resource 0 [io  0x9000-0x9fff]
[Sun Aug 13 08:31:57 2023] pci_bus 0000:0c: resource 1 [mem 0xfcf00000-0xfcffffff]
[Sun Aug 13 08:31:57 2023] pci_bus 0000:0c: resource 2 [mem 0xe7600000-0xe76fffff 64bit pref]
[Sun Aug 13 08:31:57 2023] pci_bus 0000:0d: resource 0 [io  0xd000-0xdfff]
[Sun Aug 13 08:31:57 2023] pci_bus 0000:0d: resource 1 [mem 0xfcb00000-0xfcbfffff]
[Sun Aug 13 08:31:57 2023] pci_bus 0000:0d: resource 2 [mem 0xe7200000-0xe72fffff 64bit pref]
[Sun Aug 13 08:31:57 2023] pci_bus 0000:0e: resource 1 [mem 0xfc700000-0xfc7fffff]
[Sun Aug 13 08:31:57 2023] pci_bus 0000:0e: resource 2 [mem 0xe6e00000-0xe6efffff 64bit pref]
[Sun Aug 13 08:31:57 2023] pci_bus 0000:0f: resource 1 [mem 0xfc300000-0xfc3fffff]
[Sun Aug 13 08:31:57 2023] pci_bus 0000:0f: resource 2 [mem 0xe6a00000-0xe6afffff 64bit pref]
[Sun Aug 13 08:31:57 2023] pci_bus 0000:10: resource 1 [mem 0xfbf00000-0xfbffffff]
[Sun Aug 13 08:31:57 2023] pci_bus 0000:10: resource 2 [mem 0xe6600000-0xe66fffff 64bit pref]
[Sun Aug 13 08:31:57 2023] pci_bus 0000:11: resource 1 [mem 0xfbb00000-0xfbbfffff]
[Sun Aug 13 08:31:57 2023] pci_bus 0000:11: resource 2 [mem 0xe6200000-0xe62fffff 64bit pref]
[Sun Aug 13 08:31:57 2023] pci_bus 0000:12: resource 1 [mem 0xfb700000-0xfb7fffff]
[Sun Aug 13 08:31:57 2023] pci_bus 0000:12: resource 2 [mem 0xe5e00000-0xe5efffff 64bit pref]
[Sun Aug 13 08:31:57 2023] pci_bus 0000:13: resource 0 [io  0x6000-0x6fff]
[Sun Aug 13 08:31:57 2023] pci_bus 0000:13: resource 1 [mem 0xfd200000-0xfd2fffff]
[Sun Aug 13 08:31:57 2023] pci_bus 0000:13: resource 2 [mem 0xe7900000-0xe79fffff 64bit pref]
[Sun Aug 13 08:31:57 2023] pci_bus 0000:14: resource 0 [io  0xa000-0xafff]
[Sun Aug 13 08:31:57 2023] pci_bus 0000:14: resource 1 [mem 0xfce00000-0xfcefffff]
[Sun Aug 13 08:31:57 2023] pci_bus 0000:14: resource 2 [mem 0xe7500000-0xe75fffff 64bit pref]
[Sun Aug 13 08:31:57 2023] pci_bus 0000:15: resource 0 [io  0xe000-0xefff]
[Sun Aug 13 08:31:57 2023] pci_bus 0000:15: resource 1 [mem 0xfca00000-0xfcafffff]
[Sun Aug 13 08:31:57 2023] pci_bus 0000:15: resource 2 [mem 0xe7100000-0xe71fffff 64bit pref]
[Sun Aug 13 08:31:57 2023] pci_bus 0000:16: resource 1 [mem 0xfc600000-0xfc6fffff]
[Sun Aug 13 08:31:57 2023] pci_bus 0000:16: resource 2 [mem 0xe6d00000-0xe6dfffff 64bit pref]
[Sun Aug 13 08:31:57 2023] pci_bus 0000:17: resource 1 [mem 0xfc200000-0xfc2fffff]
[Sun Aug 13 08:31:57 2023] pci_bus 0000:17: resource 2 [mem 0xe6900000-0xe69fffff 64bit pref]
[Sun Aug 13 08:31:57 2023] pci_bus 0000:18: resource 1 [mem 0xfbe00000-0xfbefffff]
[Sun Aug 13 08:31:57 2023] pci_bus 0000:18: resource 2 [mem 0xe6500000-0xe65fffff 64bit pref]
[Sun Aug 13 08:31:57 2023] pci_bus 0000:19: resource 1 [mem 0xfba00000-0xfbafffff]
[Sun Aug 13 08:31:57 2023] pci_bus 0000:19: resource 2 [mem 0xe6100000-0xe61fffff 64bit pref]
[Sun Aug 13 08:31:57 2023] pci_bus 0000:1a: resource 1 [mem 0xfb600000-0xfb6fffff]
[Sun Aug 13 08:31:57 2023] pci_bus 0000:1a: resource 2 [mem 0xe5d00000-0xe5dfffff 64bit pref]
[Sun Aug 13 08:31:57 2023] pci_bus 0000:1b: resource 0 [io  0x7000-0x7fff]
[Sun Aug 13 08:31:57 2023] pci_bus 0000:1b: resource 1 [mem 0xfd100000-0xfd1fffff]
[Sun Aug 13 08:31:57 2023] pci_bus 0000:1b: resource 2 [mem 0xe7800000-0xe78fffff 64bit pref]
[Sun Aug 13 08:31:57 2023] pci_bus 0000:1c: resource 0 [io  0xb000-0xbfff]
[Sun Aug 13 08:31:57 2023] pci_bus 0000:1c: resource 1 [mem 0xfcd00000-0xfcdfffff]
[Sun Aug 13 08:31:57 2023] pci_bus 0000:1c: resource 2 [mem 0xe7400000-0xe74fffff 64bit pref]
[Sun Aug 13 08:31:57 2023] pci_bus 0000:1d: resource 1 [mem 0xfc900000-0xfc9fffff]
[Sun Aug 13 08:31:57 2023] pci_bus 0000:1d: resource 2 [mem 0xe7000000-0xe70fffff 64bit pref]
[Sun Aug 13 08:31:57 2023] pci_bus 0000:1e: resource 1 [mem 0xfc500000-0xfc5fffff]
[Sun Aug 13 08:31:57 2023] pci_bus 0000:1e: resource 2 [mem 0xe6c00000-0xe6cfffff 64bit pref]
[Sun Aug 13 08:31:57 2023] pci_bus 0000:1f: resource 1 [mem 0xfc100000-0xfc1fffff]
[Sun Aug 13 08:31:57 2023] pci_bus 0000:1f: resource 2 [mem 0xe6800000-0xe68fffff 64bit pref]
[Sun Aug 13 08:31:57 2023] pci_bus 0000:20: resource 1 [mem 0xfbd00000-0xfbdfffff]
[Sun Aug 13 08:31:57 2023] pci_bus 0000:20: resource 2 [mem 0xe6400000-0xe64fffff 64bit pref]
[Sun Aug 13 08:31:57 2023] pci_bus 0000:21: resource 1 [mem 0xfb900000-0xfb9fffff]
[Sun Aug 13 08:31:57 2023] pci_bus 0000:21: resource 2 [mem 0xe6000000-0xe60fffff 64bit pref]
[Sun Aug 13 08:31:57 2023] pci_bus 0000:22: resource 1 [mem 0xfb500000-0xfb5fffff]
[Sun Aug 13 08:31:57 2023] pci_bus 0000:22: resource 2 [mem 0xe5c00000-0xe5cfffff 64bit pref]
[Sun Aug 13 08:31:57 2023] NET: Registered protocol family 2
[Sun Aug 13 08:31:57 2023] IP idents hash table entries: 32768 (order: 6, 262144 bytes, linear)
[Sun Aug 13 08:31:57 2023] tcp_listen_portaddr_hash hash table entries: 1024 (order: 2, 16384 bytes, linear)
[Sun Aug 13 08:31:57 2023] TCP established hash table entries: 16384 (order: 5, 131072 bytes, linear)
[Sun Aug 13 08:31:57 2023] TCP bind hash table entries: 16384 (order: 6, 262144 bytes, linear)
[Sun Aug 13 08:31:57 2023] TCP: Hash tables configured (established 16384 bind 16384)
[Sun Aug 13 08:31:57 2023] UDP hash table entries: 1024 (order: 3, 32768 bytes, linear)
[Sun Aug 13 08:31:57 2023] UDP-Lite hash table entries: 1024 (order: 3, 32768 bytes, linear)
[Sun Aug 13 08:31:57 2023] NET: Registered protocol family 1
[Sun Aug 13 08:31:57 2023] NET: Registered protocol family 44
[Sun Aug 13 08:31:57 2023] pci 0000:00:00.0: Limiting direct PCI/PCI transfers
[Sun Aug 13 08:31:57 2023] pci 0000:00:0f.0: Video device with shadowed ROM at [mem 0x000c0000-0x000dffff]
[Sun Aug 13 08:31:57 2023] PCI: CLS 32 bytes, default 64
[Sun Aug 13 08:31:57 2023] Trying to unpack rootfs image as initramfs...
[Sun Aug 13 08:31:57 2023] Freeing initrd memory: 84656K
[Sun Aug 13 08:31:57 2023] check: Scanning for low memory corruption every 60 seconds
[Sun Aug 13 08:31:57 2023] Initialise system trusted keyrings
[Sun Aug 13 08:31:57 2023] Key type blacklist registered
[Sun Aug 13 08:31:57 2023] workingset: timestamp_bits=36 max_order=19 bucket_order=0
[Sun Aug 13 08:31:57 2023] zbud: loaded
[Sun Aug 13 08:31:57 2023] squashfs: version 4.0 (2009/01/31) Phillip Lougher
[Sun Aug 13 08:31:57 2023] fuse: init (API version 7.31)
[Sun Aug 13 08:31:57 2023] *** VALIDATE fuse ***
[Sun Aug 13 08:31:57 2023] *** VALIDATE fuse ***
[Sun Aug 13 08:31:57 2023] Platform Keyring initialized
[Sun Aug 13 08:31:57 2023] Key type asymmetric registered
[Sun Aug 13 08:31:57 2023] Asymmetric key parser 'x509' registered
[Sun Aug 13 08:31:57 2023] Block layer SCSI generic (bsg) driver version 0.4 loaded (major 244)
[Sun Aug 13 08:31:57 2023] io scheduler mq-deadline registered
[Sun Aug 13 08:31:57 2023] pcieport 0000:00:15.0: PME: Signaling with IRQ 24
[Sun Aug 13 08:31:57 2023] pcieport 0000:00:15.0: pciehp: Slot #160 AttnBtn+ PwrCtrl+ MRL- AttnInd- PwrInd- HotPlug+ Surprise- Interlock- NoCompl+ LLActRep+
[Sun Aug 13 08:31:57 2023] pcieport 0000:00:15.1: PME: Signaling with IRQ 25
[Sun Aug 13 08:31:57 2023] pcieport 0000:00:15.1: pciehp: Slot #161 AttnBtn+ PwrCtrl+ MRL- AttnInd- PwrInd- HotPlug+ Surprise- Interlock- NoCompl+ LLActRep+
[Sun Aug 13 08:31:57 2023] pcieport 0000:00:15.2: PME: Signaling with IRQ 26
[Sun Aug 13 08:31:57 2023] pcieport 0000:00:15.2: pciehp: Slot #162 AttnBtn+ PwrCtrl+ MRL- AttnInd- PwrInd- HotPlug+ Surprise- Interlock- NoCompl+ LLActRep+
[Sun Aug 13 08:31:57 2023] pcieport 0000:00:15.3: PME: Signaling with IRQ 27
[Sun Aug 13 08:31:57 2023] pcieport 0000:00:15.3: pciehp: Slot #163 AttnBtn+ PwrCtrl+ MRL- AttnInd- PwrInd- HotPlug+ Surprise- Interlock- NoCompl+ LLActRep+
[Sun Aug 13 08:31:57 2023] pcieport 0000:00:15.4: PME: Signaling with IRQ 28
[Sun Aug 13 08:31:57 2023] pcieport 0000:00:15.4: pciehp: Slot #164 AttnBtn+ PwrCtrl+ MRL- AttnInd- PwrInd- HotPlug+ Surprise- Interlock- NoCompl+ LLActRep+
[Sun Aug 13 08:31:57 2023] pcieport 0000:00:15.5: PME: Signaling with IRQ 29
[Sun Aug 13 08:31:57 2023] pcieport 0000:00:15.5: pciehp: Slot #165 AttnBtn+ PwrCtrl+ MRL- AttnInd- PwrInd- HotPlug+ Surprise- Interlock- NoCompl+ LLActRep+
[Sun Aug 13 08:31:57 2023] pcieport 0000:00:15.6: PME: Signaling with IRQ 30
[Sun Aug 13 08:31:57 2023] pcieport 0000:00:15.6: pciehp: Slot #166 AttnBtn+ PwrCtrl+ MRL- AttnInd- PwrInd- HotPlug+ Surprise- Interlock- NoCompl+ LLActRep+
[Sun Aug 13 08:31:57 2023] pcieport 0000:00:15.7: PME: Signaling with IRQ 31
[Sun Aug 13 08:31:57 2023] pcieport 0000:00:15.7: pciehp: Slot #167 AttnBtn+ PwrCtrl+ MRL- AttnInd- PwrInd- HotPlug+ Surprise- Interlock- NoCompl+ LLActRep+
[Sun Aug 13 08:31:57 2023] pcieport 0000:00:16.0: PME: Signaling with IRQ 32
[Sun Aug 13 08:31:57 2023] pcieport 0000:00:16.0: pciehp: Slot #192 AttnBtn+ PwrCtrl+ MRL- AttnInd- PwrInd- HotPlug+ Surprise- Interlock- NoCompl+ LLActRep+
[Sun Aug 13 08:31:57 2023] pcieport 0000:00:16.1: PME: Signaling with IRQ 33
[Sun Aug 13 08:31:57 2023] pcieport 0000:00:16.1: pciehp: Slot #193 AttnBtn+ PwrCtrl+ MRL- AttnInd- PwrInd- HotPlug+ Surprise- Interlock- NoCompl+ LLActRep+
[Sun Aug 13 08:31:57 2023] pcieport 0000:00:16.2: PME: Signaling with IRQ 34
[Sun Aug 13 08:31:57 2023] pcieport 0000:00:16.2: pciehp: Slot #194 AttnBtn+ PwrCtrl+ MRL- AttnInd- PwrInd- HotPlug+ Surprise- Interlock- NoCompl+ LLActRep+
[Sun Aug 13 08:31:57 2023] pcieport 0000:00:16.3: PME: Signaling with IRQ 35
[Sun Aug 13 08:31:57 2023] pcieport 0000:00:16.3: pciehp: Slot #195 AttnBtn+ PwrCtrl+ MRL- AttnInd- PwrInd- HotPlug+ Surprise- Interlock- NoCompl+ LLActRep+
[Sun Aug 13 08:31:57 2023] pcieport 0000:00:16.4: PME: Signaling with IRQ 36
[Sun Aug 13 08:31:57 2023] pcieport 0000:00:16.4: pciehp: Slot #196 AttnBtn+ PwrCtrl+ MRL- AttnInd- PwrInd- HotPlug+ Surprise- Interlock- NoCompl+ LLActRep+
[Sun Aug 13 08:31:57 2023] pcieport 0000:00:16.5: PME: Signaling with IRQ 37
[Sun Aug 13 08:31:57 2023] pcieport 0000:00:16.5: pciehp: Slot #197 AttnBtn+ PwrCtrl+ MRL- AttnInd- PwrInd- HotPlug+ Surprise- Interlock- NoCompl+ LLActRep+
[Sun Aug 13 08:31:57 2023] pcieport 0000:00:16.6: PME: Signaling with IRQ 38
[Sun Aug 13 08:31:57 2023] pcieport 0000:00:16.6: pciehp: Slot #198 AttnBtn+ PwrCtrl+ MRL- AttnInd- PwrInd- HotPlug+ Surprise- Interlock- NoCompl+ LLActRep+
[Sun Aug 13 08:31:57 2023] pcieport 0000:00:16.7: PME: Signaling with IRQ 39
[Sun Aug 13 08:31:57 2023] pcieport 0000:00:16.7: pciehp: Slot #199 AttnBtn+ PwrCtrl+ MRL- AttnInd- PwrInd- HotPlug+ Surprise- Interlock- NoCompl+ LLActRep+
[Sun Aug 13 08:31:57 2023] pcieport 0000:00:17.0: PME: Signaling with IRQ 40
[Sun Aug 13 08:31:57 2023] pcieport 0000:00:17.0: pciehp: Slot #224 AttnBtn+ PwrCtrl+ MRL- AttnInd- PwrInd- HotPlug+ Surprise- Interlock- NoCompl+ LLActRep+
[Sun Aug 13 08:31:57 2023] pcieport 0000:00:17.1: PME: Signaling with IRQ 41
[Sun Aug 13 08:31:57 2023] pcieport 0000:00:17.1: pciehp: Slot #225 AttnBtn+ PwrCtrl+ MRL- AttnInd- PwrInd- HotPlug+ Surprise- Interlock- NoCompl+ LLActRep+
[Sun Aug 13 08:31:57 2023] pcieport 0000:00:17.2: PME: Signaling with IRQ 42
[Sun Aug 13 08:31:57 2023] pcieport 0000:00:17.2: pciehp: Slot #226 AttnBtn+ PwrCtrl+ MRL- AttnInd- PwrInd- HotPlug+ Surprise- Interlock- NoCompl+ LLActRep+
[Sun Aug 13 08:31:57 2023] pcieport 0000:00:17.3: PME: Signaling with IRQ 43
[Sun Aug 13 08:31:57 2023] pcieport 0000:00:17.3: pciehp: Slot #227 AttnBtn+ PwrCtrl+ MRL- AttnInd- PwrInd- HotPlug+ Surprise- Interlock- NoCompl+ LLActRep+
[Sun Aug 13 08:31:57 2023] pcieport 0000:00:17.4: PME: Signaling with IRQ 44
[Sun Aug 13 08:31:57 2023] pcieport 0000:00:17.4: pciehp: Slot #228 AttnBtn+ PwrCtrl+ MRL- AttnInd- PwrInd- HotPlug+ Surprise- Interlock- NoCompl+ LLActRep+
[Sun Aug 13 08:31:57 2023] pcieport 0000:00:17.5: PME: Signaling with IRQ 45
[Sun Aug 13 08:31:57 2023] pcieport 0000:00:17.5: pciehp: Slot #229 AttnBtn+ PwrCtrl+ MRL- AttnInd- PwrInd- HotPlug+ Surprise- Interlock- NoCompl+ LLActRep+
[Sun Aug 13 08:31:57 2023] pcieport 0000:00:17.6: PME: Signaling with IRQ 46
[Sun Aug 13 08:31:57 2023] pcieport 0000:00:17.6: pciehp: Slot #230 AttnBtn+ PwrCtrl+ MRL- AttnInd- PwrInd- HotPlug+ Surprise- Interlock- NoCompl+ LLActRep+
[Sun Aug 13 08:31:57 2023] pcieport 0000:00:17.7: PME: Signaling with IRQ 47
[Sun Aug 13 08:31:57 2023] pcieport 0000:00:17.7: pciehp: Slot #231 AttnBtn+ PwrCtrl+ MRL- AttnInd- PwrInd- HotPlug+ Surprise- Interlock- NoCompl+ LLActRep+
[Sun Aug 13 08:31:57 2023] pcieport 0000:00:18.0: PME: Signaling with IRQ 48
[Sun Aug 13 08:31:57 2023] pcieport 0000:00:18.0: pciehp: Slot #256 AttnBtn+ PwrCtrl+ MRL- AttnInd- PwrInd- HotPlug+ Surprise- Interlock- NoCompl+ LLActRep+
[Sun Aug 13 08:31:57 2023] pcieport 0000:00:18.1: PME: Signaling with IRQ 49
[Sun Aug 13 08:31:57 2023] pcieport 0000:00:18.1: pciehp: Slot #257 AttnBtn+ PwrCtrl+ MRL- AttnInd- PwrInd- HotPlug+ Surprise- Interlock- NoCompl+ LLActRep+
[Sun Aug 13 08:31:57 2023] pcieport 0000:00:18.2: PME: Signaling with IRQ 50
[Sun Aug 13 08:31:57 2023] pcieport 0000:00:18.2: pciehp: Slot #258 AttnBtn+ PwrCtrl+ MRL- AttnInd- PwrInd- HotPlug+ Surprise- Interlock- NoCompl+ LLActRep+
[Sun Aug 13 08:31:57 2023] pcieport 0000:00:18.3: PME: Signaling with IRQ 51
[Sun Aug 13 08:31:57 2023] pcieport 0000:00:18.3: pciehp: Slot #259 AttnBtn+ PwrCtrl+ MRL- AttnInd- PwrInd- HotPlug+ Surprise- Interlock- NoCompl+ LLActRep+
[Sun Aug 13 08:31:57 2023] pcieport 0000:00:18.4: PME: Signaling with IRQ 52
[Sun Aug 13 08:31:57 2023] pcieport 0000:00:18.4: pciehp: Slot #260 AttnBtn+ PwrCtrl+ MRL- AttnInd- PwrInd- HotPlug+ Surprise- Interlock- NoCompl+ LLActRep+
[Sun Aug 13 08:31:57 2023] pcieport 0000:00:18.5: PME: Signaling with IRQ 53
[Sun Aug 13 08:31:57 2023] pcieport 0000:00:18.5: pciehp: Slot #261 AttnBtn+ PwrCtrl+ MRL- AttnInd- PwrInd- HotPlug+ Surprise- Interlock- NoCompl+ LLActRep+
[Sun Aug 13 08:31:57 2023] pcieport 0000:00:18.6: PME: Signaling with IRQ 54
[Sun Aug 13 08:31:57 2023] pcieport 0000:00:18.6: pciehp: Slot #262 AttnBtn+ PwrCtrl+ MRL- AttnInd- PwrInd- HotPlug+ Surprise- Interlock- NoCompl+ LLActRep+
[Sun Aug 13 08:31:57 2023] pcieport 0000:00:18.7: PME: Signaling with IRQ 55
[Sun Aug 13 08:31:57 2023] pcieport 0000:00:18.7: pciehp: Slot #263 AttnBtn+ PwrCtrl+ MRL- AttnInd- PwrInd- HotPlug+ Surprise- Interlock- NoCompl+ LLActRep+
[Sun Aug 13 08:31:57 2023] shpchp: Standard Hot Plug PCI Controller Driver version: 0.4
[Sun Aug 13 08:31:57 2023] ACPI: AC Adapter [ACAD] (on-line)
[Sun Aug 13 08:31:57 2023] input: Power Button as /devices/LNXSYSTM:00/LNXPWRBN:00/input/input0
[Sun Aug 13 08:31:57 2023] ACPI: Power Button [PWRF]
[Sun Aug 13 08:31:57 2023] Serial: 8250/16550 driver, 32 ports, IRQ sharing enabled
[Sun Aug 13 08:31:57 2023] Linux agpgart interface v0.103
[Sun Aug 13 08:31:57 2023] agpgart-intel 0000:00:00.0: Intel 440BX Chipset
[Sun Aug 13 08:31:57 2023] agpgart-intel 0000:00:00.0: AGP aperture is 256M @ 0x0
[Sun Aug 13 08:31:57 2023] loop: module loaded
[Sun Aug 13 08:31:57 2023] ata_piix 0000:00:07.1: version 2.13
[Sun Aug 13 08:31:57 2023] scsi host0: ata_piix
[Sun Aug 13 08:31:57 2023] scsi host1: ata_piix
[Sun Aug 13 08:31:57 2023] ata1: PATA max UDMA/33 cmd 0x1f0 ctl 0x3f6 bmdma 0x1060 irq 14
[Sun Aug 13 08:31:57 2023] ata2: PATA max UDMA/33 cmd 0x170 ctl 0x376 bmdma 0x1068 irq 15
[Sun Aug 13 08:31:57 2023] tun: Universal TUN/TAP device driver, 1.6
[Sun Aug 13 08:31:57 2023] PPP generic driver version 2.4.2
[Sun Aug 13 08:31:57 2023] VFIO - User Level meta-driver version: 0.3
[Sun Aug 13 08:31:57 2023] ehci_hcd: USB 2.0 'Enhanced' Host Controller (EHCI) Driver
[Sun Aug 13 08:31:57 2023] ehci-pci: EHCI PCI platform driver
[Sun Aug 13 08:31:57 2023] ehci-platform: EHCI generic platform driver
[Sun Aug 13 08:31:57 2023] ohci_hcd: USB 1.1 'Open' Host Controller (OHCI) Driver
[Sun Aug 13 08:31:57 2023] ohci-pci: OHCI PCI platform driver
[Sun Aug 13 08:31:57 2023] ohci-platform: OHCI generic platform driver
[Sun Aug 13 08:31:57 2023] uhci_hcd: USB Universal Host Controller Interface driver
[Sun Aug 13 08:31:57 2023] i8042: PNP: PS/2 Controller [PNP0303:KBC,PNP0f13:MOUS] at 0x60,0x64 irq 1,12
[Sun Aug 13 08:31:57 2023] serio: i8042 KBD port at 0x60,0x64 irq 1
[Sun Aug 13 08:31:57 2023] serio: i8042 AUX port at 0x60,0x64 irq 12
[Sun Aug 13 08:31:57 2023] mousedev: PS/2 mouse device common for all mice
[Sun Aug 13 08:31:57 2023] rtc_cmos 00:01: registered as rtc0
[Sun Aug 13 08:31:57 2023] rtc_cmos 00:01: alarms up to one month, y3k, 114 bytes nvram, hpet irqs
[Sun Aug 13 08:31:57 2023] i2c /dev entries driver
[Sun Aug 13 08:31:57 2023] device-mapper: uevent: version 1.0.3
[Sun Aug 13 08:31:57 2023] device-mapper: ioctl: 4.41.0-ioctl (2019-09-16) initialised: dm-devel@redhat.com
[Sun Aug 13 08:31:57 2023] platform eisa.0: Probing EISA bus 0
[Sun Aug 13 08:31:57 2023] platform eisa.0: EISA: Cannot allocate resource for mainboard
[Sun Aug 13 08:31:57 2023] platform eisa.0: Cannot allocate resource for EISA slot 1
[Sun Aug 13 08:31:57 2023] platform eisa.0: Cannot allocate resource for EISA slot 2
[Sun Aug 13 08:31:57 2023] platform eisa.0: Cannot allocate resource for EISA slot 3
[Sun Aug 13 08:31:57 2023] platform eisa.0: Cannot allocate resource for EISA slot 4
[Sun Aug 13 08:31:57 2023] platform eisa.0: Cannot allocate resource for EISA slot 5
[Sun Aug 13 08:31:57 2023] platform eisa.0: Cannot allocate resource for EISA slot 6
[Sun Aug 13 08:31:57 2023] platform eisa.0: Cannot allocate resource for EISA slot 7
[Sun Aug 13 08:31:57 2023] platform eisa.0: Cannot allocate resource for EISA slot 8
[Sun Aug 13 08:31:57 2023] platform eisa.0: EISA: Detected 0 cards
[Sun Aug 13 08:31:57 2023] input: AT Translated Set 2 keyboard as /devices/platform/i8042/serio0/input/input1
[Sun Aug 13 08:31:57 2023] ledtrig-cpu: registered to indicate activity on CPUs
[Sun Aug 13 08:31:57 2023] drop_monitor: Initializing network drop monitor service
[Sun Aug 13 08:31:57 2023] NET: Registered protocol family 10
[Sun Aug 13 08:31:57 2023] Segment Routing with IPv6
[Sun Aug 13 08:31:57 2023] NET: Registered protocol family 17
[Sun Aug 13 08:31:57 2023] Key type dns_resolver registered
[Sun Aug 13 08:31:57 2023] RAS: Correctable Errors collector initialized.
[Sun Aug 13 08:31:57 2023] IPI shorthand broadcast: enabled
[Sun Aug 13 08:31:57 2023] sched_clock: Marking stable (751526889, 10459030)->(759724649, 2261270)
[Sun Aug 13 08:31:57 2023] registered taskstats version 1
[Sun Aug 13 08:31:57 2023] Loading compiled-in X.509 certificates
[Sun Aug 13 08:31:57 2023] Loaded X.509 cert 'Build time autogenerated kernel key: 4279b9422f634bd1af27d58a9cba30950543b4cd'
[Sun Aug 13 08:31:57 2023] Loaded X.509 cert 'Canonical Ltd. Live Patch Signing: 14df34d1a87cf37625abec039ef2bf521249b969'
[Sun Aug 13 08:31:57 2023] Loaded X.509 cert 'Canonical Ltd. Kernel Module Signing: 88f752e560a1e0737e31163a466ad7b70a850c19'
[Sun Aug 13 08:31:57 2023] blacklist: Loading compiled-in revocation X.509 certificates
[Sun Aug 13 08:31:57 2023] Loaded X.509 cert 'Canonical Ltd. Secure Boot Signing: 61482aa2830d0ab2ad5af10b7250da9033ddcef0'
[Sun Aug 13 08:31:57 2023] Loaded X.509 cert 'Canonical Ltd. Secure Boot Signing (2017): 242ade75ac4a15e50d50c84b0d45ff3eae707a03'
[Sun Aug 13 08:31:57 2023] Loaded X.509 cert 'Canonical Ltd. Secure Boot Signing (ESM 2018): 365188c1d374d6b07c3c8f240f8ef722433d6a8b'
[Sun Aug 13 08:31:57 2023] Loaded X.509 cert 'Canonical Ltd. Secure Boot Signing (2019): c0746fd6c5da3ae827864651ad66ae47fe24b3e8'
[Sun Aug 13 08:31:57 2023] Loaded X.509 cert 'Canonical Ltd. Secure Boot Signing (2021 v1): a8d54bbb3825cfb94fa13c9f8a594a195c107b8d'
[Sun Aug 13 08:31:57 2023] Loaded X.509 cert 'Canonical Ltd. Secure Boot Signing (2021 v2): 4cf046892d6fd3c9a5b03f98d845f90851dc6a8c'
[Sun Aug 13 08:31:57 2023] Loaded X.509 cert 'Canonical Ltd. Secure Boot Signing (2021 v3): 100437bb6de6e469b581e61cd66bce3ef4ed53af'
[Sun Aug 13 08:31:57 2023] Loaded X.509 cert 'Canonical Ltd. Secure Boot Signing (Ubuntu Core 2019): c1d57b8f6b743f23ee41f4f7ee292f06eecadfb9'
[Sun Aug 13 08:31:57 2023] zswap: loaded using pool lzo/zbud
[Sun Aug 13 08:31:57 2023] Key type ._fscrypt registered
[Sun Aug 13 08:31:57 2023] Key type .fscrypt registered
[Sun Aug 13 08:31:57 2023] Key type big_key registered
[Sun Aug 13 08:31:57 2023] Key type encrypted registered
[Sun Aug 13 08:31:57 2023] AppArmor: AppArmor sha1 policy hashing enabled
[Sun Aug 13 08:31:57 2023] ima: No TPM chip found, activating TPM-bypass!
[Sun Aug 13 08:31:57 2023] ima: Allocated hash algorithm: sha1
[Sun Aug 13 08:31:57 2023] ima: No architecture policies found
[Sun Aug 13 08:31:57 2023] evm: Initialising EVM extended attributes:
[Sun Aug 13 08:31:57 2023] evm: security.selinux
[Sun Aug 13 08:31:57 2023] evm: security.SMACK64
[Sun Aug 13 08:31:57 2023] evm: security.SMACK64EXEC
[Sun Aug 13 08:31:57 2023] evm: security.SMACK64TRANSMUTE
[Sun Aug 13 08:31:57 2023] evm: security.SMACK64MMAP
[Sun Aug 13 08:31:57 2023] evm: security.apparmor
[Sun Aug 13 08:31:57 2023] evm: security.ima
[Sun Aug 13 08:31:57 2023] evm: security.capability
[Sun Aug 13 08:31:57 2023] evm: HMAC attrs: 0x1
[Sun Aug 13 08:31:57 2023] PM:   Magic number: 3:314:523
[Sun Aug 13 08:31:57 2023] acpi device:117: hash matches
[Sun Aug 13 08:31:57 2023] rtc_cmos 00:01: setting system clock to 2023-08-13T08:31:58 UTC (1691915518)
[Sun Aug 13 08:31:57 2023] Freeing unused decrypted memory: 2040K
[Sun Aug 13 08:31:57 2023] Freeing unused kernel image memory: 2764K
[Sun Aug 13 08:31:57 2023] Write protecting the kernel read-only data: 26624k
[Sun Aug 13 08:31:57 2023] Freeing unused kernel image memory: 2036K
[Sun Aug 13 08:31:57 2023] Freeing unused kernel image memory: 728K
[Sun Aug 13 08:31:57 2023] x86/mm: Checked W+X mappings: passed, no W+X pages found.
[Sun Aug 13 08:31:57 2023] Run /init as init process
[Sun Aug 13 08:31:58 2023] piix4_smbus 0000:00:07.3: SMBus Host Controller not enabled!
[Sun Aug 13 08:31:58 2023] Fusion MPT base driver 3.04.20
[Sun Aug 13 08:31:58 2023] Copyright (c) 1999-2008 LSI Corporation
[Sun Aug 13 08:31:58 2023] Fusion MPT SPI Host driver 3.04.20
[Sun Aug 13 08:31:58 2023] VMware vmxnet3 virtual NIC driver - version 1.4.17.0-k-NAPI
[Sun Aug 13 08:31:58 2023] vmxnet3 0000:03:00.0: # of Tx queues : 2, # of Rx queues : 2
[Sun Aug 13 08:31:58 2023] ahci 0000:02:01.0: version 3.0
[Sun Aug 13 08:31:58 2023] vmxnet3 0000:03:00.0 eth0: NIC Link is Up 10000 Mbps
[Sun Aug 13 08:31:58 2023] ahci 0000:02:01.0: AHCI 0001.0300 32 slots 30 ports 6 Gbps 0x3fffffff impl SATA mode
[Sun Aug 13 08:31:58 2023] ahci 0000:02:01.0: flags: 64bit ncq clo only 
[Sun Aug 13 08:31:58 2023] mptbase: ioc0: Initiating bringup
[Sun Aug 13 08:31:58 2023] scsi host2: ahci
[Sun Aug 13 08:31:58 2023] [drm] DMA map mode: Caching DMA mappings.
[Sun Aug 13 08:31:58 2023] [drm] Capabilities:
[Sun Aug 13 08:31:58 2023] [drm]   Rect copy.
[Sun Aug 13 08:31:58 2023] [drm]   Cursor.
[Sun Aug 13 08:31:58 2023] [drm]   Cursor bypass.
[Sun Aug 13 08:31:58 2023] [drm]   Cursor bypass 2.
[Sun Aug 13 08:31:58 2023] [drm]   8bit emulation.
[Sun Aug 13 08:31:58 2023] [drm]   Alpha cursor.
[Sun Aug 13 08:31:58 2023] [drm]   Extended Fifo.
[Sun Aug 13 08:31:58 2023] [drm]   Multimon.
[Sun Aug 13 08:31:58 2023] [drm]   Pitchlock.
[Sun Aug 13 08:31:58 2023] [drm]   Irq mask.
[Sun Aug 13 08:31:58 2023] [drm]   Display Topology.
[Sun Aug 13 08:31:58 2023] [drm]   GMR.
[Sun Aug 13 08:31:58 2023] [drm]   Traces.
[Sun Aug 13 08:31:58 2023] [drm]   GMR2.
[Sun Aug 13 08:31:58 2023] [drm]   Screen Object 2.
[Sun Aug 13 08:31:58 2023] [drm]   Command Buffers.
[Sun Aug 13 08:31:58 2023] [drm]   Command Buffers 2.
[Sun Aug 13 08:31:58 2023] [drm]   Guest Backed Resources.
[Sun Aug 13 08:31:58 2023] [drm]   DX Features.
[Sun Aug 13 08:31:58 2023] [drm]   HP Command Queue.
[Sun Aug 13 08:31:58 2023] [drm] Capabilities2:
[Sun Aug 13 08:31:58 2023] [drm]   Grow oTable.
[Sun Aug 13 08:31:58 2023] [drm]   IntraSurface copy.
[Sun Aug 13 08:31:58 2023] [drm] Max GMR ids is 64
[Sun Aug 13 08:31:58 2023] [drm] Max number of GMR pages is 65536
[Sun Aug 13 08:31:58 2023] [drm] Max dedicated hypervisor surface memory is 0 kiB
[Sun Aug 13 08:31:58 2023] [drm] Maximum display memory size is 4096 kiB
[Sun Aug 13 08:31:58 2023] [drm] VRAM at 0xe8000000 size is 4096 kiB
[Sun Aug 13 08:31:58 2023] [drm] MMIO at 0xfe000000 size is 256 kiB
[Sun Aug 13 08:31:58 2023] [TTM] Zone  kernel: Available graphics memory: 1009202 KiB
[Sun Aug 13 08:31:58 2023] [TTM] Initializing pool allocator
[Sun Aug 13 08:31:58 2023] [TTM] Initializing DMA pool allocator
[Sun Aug 13 08:31:58 2023] input: VirtualPS/2 VMware VMMouse as /devices/platform/i8042/serio1/input/input4
[Sun Aug 13 08:31:58 2023] [drm] Supports vblank timestamp caching Rev 2 (21.10.2013).
[Sun Aug 13 08:31:58 2023] [drm] No driver support for vblank timestamp query.
[Sun Aug 13 08:31:58 2023] scsi host3: ahci
[Sun Aug 13 08:31:58 2023] input: VirtualPS/2 VMware VMMouse as /devices/platform/i8042/serio1/input/input3
[Sun Aug 13 08:31:58 2023] [drm] Screen Target Display device initialized
[Sun Aug 13 08:31:58 2023] [drm] width 640
[Sun Aug 13 08:31:58 2023] [drm] height 480
[Sun Aug 13 08:31:58 2023] [drm] bpp 32
[Sun Aug 13 08:31:58 2023] [drm] Fifo max 0x00040000 min 0x00001000 cap 0x0000077f
[Sun Aug 13 08:31:58 2023] [drm] Using command buffers with DMA pool.
[Sun Aug 13 08:31:58 2023] [drm] DX: no.
[Sun Aug 13 08:31:58 2023] [drm] Atomic: yes.
[Sun Aug 13 08:31:58 2023] [drm] SM4_1: no.
[Sun Aug 13 08:31:58 2023] fbcon: svgadrmfb (fb0) is primary device
[Sun Aug 13 08:31:58 2023] Console: switching to colour frame buffer device 100x37
[Sun Aug 13 08:31:58 2023] scsi host4: ahci
[Sun Aug 13 08:31:58 2023] scsi host5: ahci
[Sun Aug 13 08:31:58 2023] scsi host6: ahci
[Sun Aug 13 08:31:58 2023] scsi host7: ahci
[Sun Aug 13 08:31:58 2023] cryptd: max_cpu_qlen set to 1000
[Sun Aug 13 08:31:58 2023] scsi host8: ahci
[Sun Aug 13 08:31:58 2023] AVX2 version of gcm_enc/dec engaged.
[Sun Aug 13 08:31:58 2023] AES CTR mode by8 optimization enabled
[Sun Aug 13 08:31:58 2023] scsi host9: ahci
[Sun Aug 13 08:31:58 2023] scsi host10: ahci
[Sun Aug 13 08:31:58 2023] [drm] Initialized vmwgfx 2.15.0 20180704 for 0000:00:0f.0 on minor 0
[Sun Aug 13 08:31:58 2023] scsi host11: ahci
[Sun Aug 13 08:31:58 2023] scsi host12: ahci
[Sun Aug 13 08:31:58 2023] scsi host13: ahci
[Sun Aug 13 08:31:58 2023] scsi host14: ahci
[Sun Aug 13 08:31:58 2023] scsi host15: ahci
[Sun Aug 13 08:31:58 2023] scsi host16: ahci
[Sun Aug 13 08:31:58 2023] scsi host17: ahci
[Sun Aug 13 08:31:58 2023] scsi host18: ahci
[Sun Aug 13 08:31:58 2023] scsi host19: ahci
[Sun Aug 13 08:31:58 2023] scsi host20: ahci
[Sun Aug 13 08:31:58 2023] scsi host21: ahci
[Sun Aug 13 08:31:58 2023] scsi host22: ahci
[Sun Aug 13 08:31:58 2023] scsi host23: ahci
[Sun Aug 13 08:31:58 2023] scsi host24: ahci
[Sun Aug 13 08:31:58 2023] scsi host25: ahci
[Sun Aug 13 08:31:58 2023] scsi host26: ahci
[Sun Aug 13 08:31:58 2023] scsi host27: ahci
[Sun Aug 13 08:31:58 2023] scsi host28: ahci
[Sun Aug 13 08:31:58 2023] scsi host29: ahci
[Sun Aug 13 08:31:58 2023] scsi host30: ahci
[Sun Aug 13 08:31:58 2023] scsi host31: ahci
[Sun Aug 13 08:31:58 2023] ata3: SATA max UDMA/133 abar m4096@0xfd5ff000 port 0xfd5ff100 irq 59
[Sun Aug 13 08:31:58 2023] ata4: SATA max UDMA/133 abar m4096@0xfd5ff000 port 0xfd5ff180 irq 59
[Sun Aug 13 08:31:58 2023] ata5: SATA max UDMA/133 abar m4096@0xfd5ff000 port 0xfd5ff200 irq 59
[Sun Aug 13 08:31:58 2023] ata6: SATA max UDMA/133 abar m4096@0xfd5ff000 port 0xfd5ff280 irq 59
[Sun Aug 13 08:31:58 2023] ata7: SATA max UDMA/133 abar m4096@0xfd5ff000 port 0xfd5ff300 irq 59
[Sun Aug 13 08:31:58 2023] ata8: SATA max UDMA/133 abar m4096@0xfd5ff000 port 0xfd5ff380 irq 59
[Sun Aug 13 08:31:58 2023] ata9: SATA max UDMA/133 abar m4096@0xfd5ff000 port 0xfd5ff400 irq 59
[Sun Aug 13 08:31:58 2023] ata10: SATA max UDMA/133 abar m4096@0xfd5ff000 port 0xfd5ff480 irq 59
[Sun Aug 13 08:31:58 2023] ata11: SATA max UDMA/133 abar m4096@0xfd5ff000 port 0xfd5ff500 irq 59
[Sun Aug 13 08:31:58 2023] ata12: SATA max UDMA/133 abar m4096@0xfd5ff000 port 0xfd5ff580 irq 59
[Sun Aug 13 08:31:58 2023] ata13: SATA max UDMA/133 abar m4096@0xfd5ff000 port 0xfd5ff600 irq 59
[Sun Aug 13 08:31:58 2023] ata14: SATA max UDMA/133 abar m4096@0xfd5ff000 port 0xfd5ff680 irq 59
[Sun Aug 13 08:31:58 2023] ata15: SATA max UDMA/133 abar m4096@0xfd5ff000 port 0xfd5ff700 irq 59
[Sun Aug 13 08:31:58 2023] ata16: SATA max UDMA/133 abar m4096@0xfd5ff000 port 0xfd5ff780 irq 59
[Sun Aug 13 08:31:58 2023] ata17: SATA max UDMA/133 abar m4096@0xfd5ff000 port 0xfd5ff800 irq 59
[Sun Aug 13 08:31:58 2023] ata18: SATA max UDMA/133 abar m4096@0xfd5ff000 port 0xfd5ff880 irq 59
[Sun Aug 13 08:31:58 2023] ata19: SATA max UDMA/133 abar m4096@0xfd5ff000 port 0xfd5ff900 irq 59
[Sun Aug 13 08:31:58 2023] ata20: SATA max UDMA/133 abar m4096@0xfd5ff000 port 0xfd5ff980 irq 59
[Sun Aug 13 08:31:58 2023] ata21: SATA max UDMA/133 abar m4096@0xfd5ff000 port 0xfd5ffa00 irq 59
[Sun Aug 13 08:31:58 2023] ata22: SATA max UDMA/133 abar m4096@0xfd5ff000 port 0xfd5ffa80 irq 59
[Sun Aug 13 08:31:58 2023] ata23: SATA max UDMA/133 abar m4096@0xfd5ff000 port 0xfd5ffb00 irq 59
[Sun Aug 13 08:31:58 2023] ata24: SATA max UDMA/133 abar m4096@0xfd5ff000 port 0xfd5ffb80 irq 59
[Sun Aug 13 08:31:58 2023] ata25: SATA max UDMA/133 abar m4096@0xfd5ff000 port 0xfd5ffc00 irq 59
[Sun Aug 13 08:31:58 2023] ata26: SATA max UDMA/133 abar m4096@0xfd5ff000 port 0xfd5ffc80 irq 59
[Sun Aug 13 08:31:58 2023] ata27: SATA max UDMA/133 abar m4096@0xfd5ff000 port 0xfd5ffd00 irq 59
[Sun Aug 13 08:31:58 2023] ata28: SATA max UDMA/133 abar m4096@0xfd5ff000 port 0xfd5ffd80 irq 59
[Sun Aug 13 08:31:58 2023] ata29: SATA max UDMA/133 abar m4096@0xfd5ff000 port 0xfd5ffe00 irq 59
[Sun Aug 13 08:31:58 2023] ata30: SATA max UDMA/133 abar m4096@0xfd5ff000 port 0xfd5ffe80 irq 59
[Sun Aug 13 08:31:58 2023] ata31: SATA max UDMA/133 abar m4096@0xfd5ff000 port 0xfd5fff00 irq 59
[Sun Aug 13 08:31:58 2023] ata32: SATA max UDMA/133 abar m4096@0xfd5ff000 port 0xfd5fff80 irq 59
[Sun Aug 13 08:31:58 2023] vmxnet3 0000:03:00.0 ens160: renamed from eth0
[Sun Aug 13 08:31:58 2023] ioc0: LSI53C1030 B0: Capabilities={Initiator}
[Sun Aug 13 08:31:58 2023] scsi host32: ioc0: LSI53C1030 B0, FwRev=01032920h, Ports=1, MaxQ=128, IRQ=17
[Sun Aug 13 08:31:58 2023] ata3: SATA link up 6.0 Gbps (SStatus 133 SControl 300)
[Sun Aug 13 08:31:58 2023] ata3.00: ATAPI: VMware Virtual SATA CDRW Drive, 00000001, max UDMA/33
[Sun Aug 13 08:31:58 2023] ata3.00: configured for UDMA/33
[Sun Aug 13 08:31:58 2023] ata4: SATA link down (SStatus 0 SControl 300)
[Sun Aug 13 08:31:58 2023] ata5: SATA link down (SStatus 0 SControl 300)
[Sun Aug 13 08:31:58 2023] ata6: SATA link down (SStatus 0 SControl 300)
[Sun Aug 13 08:31:58 2023] scsi 2:0:0:0: CD-ROM            NECVMWar VMware SATA CD00 1.00 PQ: 0 ANSI: 5
[Sun Aug 13 08:31:58 2023] ata10: SATA link down (SStatus 0 SControl 300)
[Sun Aug 13 08:31:58 2023] ata18: SATA link down (SStatus 0 SControl 300)
[Sun Aug 13 08:31:58 2023] ata28: SATA link down (SStatus 0 SControl 300)
[Sun Aug 13 08:31:58 2023] ata15: SATA link down (SStatus 0 SControl 300)
[Sun Aug 13 08:31:58 2023] ata7: SATA link down (SStatus 0 SControl 300)
[Sun Aug 13 08:31:58 2023] ata13: SATA link down (SStatus 0 SControl 300)
[Sun Aug 13 08:31:58 2023] ata14: SATA link down (SStatus 0 SControl 300)
[Sun Aug 13 08:31:58 2023] ata17: SATA link down (SStatus 0 SControl 300)
[Sun Aug 13 08:31:58 2023] ata9: SATA link down (SStatus 0 SControl 300)
[Sun Aug 13 08:31:58 2023] ata8: SATA link down (SStatus 0 SControl 300)
[Sun Aug 13 08:31:58 2023] ata16: SATA link down (SStatus 0 SControl 300)
[Sun Aug 13 08:31:58 2023] ata21: SATA link down (SStatus 0 SControl 300)
[Sun Aug 13 08:31:58 2023] ata20: SATA link down (SStatus 0 SControl 300)
[Sun Aug 13 08:31:58 2023] ata26: SATA link down (SStatus 0 SControl 300)
[Sun Aug 13 08:31:58 2023] ata22: SATA link down (SStatus 0 SControl 300)
[Sun Aug 13 08:31:58 2023] ata30: SATA link down (SStatus 0 SControl 300)
[Sun Aug 13 08:31:58 2023] ata24: SATA link down (SStatus 0 SControl 300)
[Sun Aug 13 08:31:58 2023] ata32: SATA link down (SStatus 0 SControl 300)
[Sun Aug 13 08:31:58 2023] ata29: SATA link down (SStatus 0 SControl 300)
[Sun Aug 13 08:31:58 2023] ata25: SATA link down (SStatus 0 SControl 300)
[Sun Aug 13 08:31:58 2023] ata11: SATA link down (SStatus 0 SControl 300)
[Sun Aug 13 08:31:58 2023] ata12: SATA link down (SStatus 0 SControl 300)
[Sun Aug 13 08:31:58 2023] ata27: SATA link down (SStatus 0 SControl 300)
[Sun Aug 13 08:31:58 2023] ata19: SATA link down (SStatus 0 SControl 300)
[Sun Aug 13 08:31:58 2023] ata31: SATA link down (SStatus 0 SControl 300)
[Sun Aug 13 08:31:58 2023] ata23: SATA link down (SStatus 0 SControl 300)
